Archive member included to satisfy reference by file (symbol)

/Applications/microchip/xc32/v2.20/bin/bin/../../lib/gcc/pic32c/6.2.1/../../../../pic32c/lib/libpic32c.a(data_init.o)
                              /var/folders/8p/6ngw28355rbdddp56jdp8yf40000gn/T//ccVzlDSW.o (__pic32c_data_initialization)
/Applications/microchip/xc32/v2.20/bin/bin/../../lib/gcc/pic32c/6.2.1/libgcc.a(_aeabi_uldivmod.o)
                              build/default/debug/SAMD21_TRMNL.o (__aeabi_uldivmod)
/Applications/microchip/xc32/v2.20/bin/bin/../../lib/gcc/pic32c/6.2.1/libgcc.a(_fixunsdfsi.o)
                              build/default/debug/main.o (__aeabi_d2uiz)
/Applications/microchip/xc32/v2.20/bin/bin/../../lib/gcc/pic32c/6.2.1/libgcc.a(_udivmoddi4.o)
                              /Applications/microchip/xc32/v2.20/bin/bin/../../lib/gcc/pic32c/6.2.1/libgcc.a(_aeabi_uldivmod.o) (__udivmoddi4)
/Applications/microchip/xc32/v2.20/bin/bin/../../lib/gcc/pic32c/6.2.1/libgcc.a(muldf3.o)
                              build/default/debug/main.o (__aeabi_dmul)
/Applications/microchip/xc32/v2.20/bin/bin/../../lib/gcc/pic32c/6.2.1/libgcc.a(subdf3.o)
                              /Applications/microchip/xc32/v2.20/bin/bin/../../lib/gcc/pic32c/6.2.1/libgcc.a(_fixunsdfsi.o) (__aeabi_dsub)
/Applications/microchip/xc32/v2.20/bin/bin/../../lib/gcc/pic32c/6.2.1/libgcc.a(fixdfsi.o)
                              /Applications/microchip/xc32/v2.20/bin/bin/../../lib/gcc/pic32c/6.2.1/libgcc.a(_fixunsdfsi.o) (__aeabi_d2iz)
/Applications/microchip/xc32/v2.20/bin/bin/../../lib/gcc/pic32c/6.2.1/libgcc.a(floatsidf.o)
                              build/default/debug/main.o (__aeabi_i2d)
/Applications/microchip/xc32/v2.20/bin/bin/../../lib/gcc/pic32c/6.2.1/libgcc.a(_thumb1_case_uhi.o)
                              /Applications/microchip/xc32/v2.20/bin/bin/../../lib/gcc/pic32c/6.2.1/libgcc.a(muldf3.o) (__gnu_thumb1_case_uhi)
/Applications/microchip/xc32/v2.20/bin/bin/../../lib/gcc/pic32c/6.2.1/libgcc.a(_dvmd_tls.o)
                              /Applications/microchip/xc32/v2.20/bin/bin/../../lib/gcc/pic32c/6.2.1/libgcc.a(_aeabi_uldivmod.o) (__aeabi_ldiv0)
/Applications/microchip/xc32/v2.20/bin/bin/../../lib/gcc/pic32c/6.2.1/libgcc.a(_lshrdi3.o)
                              /Applications/microchip/xc32/v2.20/bin/bin/../../lib/gcc/pic32c/6.2.1/libgcc.a(_udivmoddi4.o) (__aeabi_llsr)
/Applications/microchip/xc32/v2.20/bin/bin/../../lib/gcc/pic32c/6.2.1/libgcc.a(_ashldi3.o)
                              /Applications/microchip/xc32/v2.20/bin/bin/../../lib/gcc/pic32c/6.2.1/libgcc.a(_udivmoddi4.o) (__aeabi_llsl)
/Applications/microchip/xc32/v2.20/bin/bin/../../lib/gcc/pic32c/6.2.1/libgcc.a(_arm_cmpdf2.o)
                              /Applications/microchip/xc32/v2.20/bin/bin/../../lib/gcc/pic32c/6.2.1/libgcc.a(_fixunsdfsi.o) (__aeabi_dcmpge)
/Applications/microchip/xc32/v2.20/bin/bin/../../lib/gcc/pic32c/6.2.1/libgcc.a(_clzsi2.o)
                              /Applications/microchip/xc32/v2.20/bin/bin/../../lib/gcc/pic32c/6.2.1/libgcc.a(muldf3.o) (__clzsi2)
/Applications/microchip/xc32/v2.20/bin/bin/../../lib/gcc/pic32c/6.2.1/libgcc.a(_clzdi2.o)
                              /Applications/microchip/xc32/v2.20/bin/bin/../../lib/gcc/pic32c/6.2.1/libgcc.a(_udivmoddi4.o) (__clzdi2)
/Applications/microchip/xc32/v2.20/bin/bin/../../lib/gcc/pic32c/6.2.1/libgcc.a(eqdf2.o)
                              /Applications/microchip/xc32/v2.20/bin/bin/../../lib/gcc/pic32c/6.2.1/libgcc.a(_arm_cmpdf2.o) (__eqdf2)
/Applications/microchip/xc32/v2.20/bin/bin/../../lib/gcc/pic32c/6.2.1/libgcc.a(gedf2.o)
                              /Applications/microchip/xc32/v2.20/bin/bin/../../lib/gcc/pic32c/6.2.1/libgcc.a(_arm_cmpdf2.o) (__gedf2)
/Applications/microchip/xc32/v2.20/bin/bin/../../lib/gcc/pic32c/6.2.1/libgcc.a(ledf2.o)
                              /Applications/microchip/xc32/v2.20/bin/bin/../../lib/gcc/pic32c/6.2.1/libgcc.a(_arm_cmpdf2.o) (__ledf2)
/Applications/microchip/xc32/v2.20/bin/bin/../../lib/gcc/pic32c/6.2.1/../../../../pic32c/lib/libg.a(lib_a-init.o)
                              /var/folders/8p/6ngw28355rbdddp56jdp8yf40000gn/T//ccVzlDSW.o (__libc_init_array)
/Applications/microchip/xc32/v2.20/bin/bin/../../lib/gcc/pic32c/6.2.1/../../../../pic32c/lib/libg.a(lib_a-itoa.o)
                              build/default/debug/SAMD21_TRMNL.o (itoa)
/Applications/microchip/xc32/v2.20/bin/bin/../../lib/gcc/pic32c/6.2.1/../../../../pic32c/lib/libg.a(lib_a-memset.o)
                              build/default/debug/SAMD21_TRMNL.o (memset)
/Applications/microchip/xc32/v2.20/bin/bin/../../lib/gcc/pic32c/6.2.1/../../../../pic32c/lib/libg.a(lib_a-strlen.o)
                              build/default/debug/SAMD21_TRMNL.o (strlen)
/Applications/microchip/xc32/v2.20/bin/bin/../../lib/gcc/pic32c/6.2.1/../../../../pic32c/lib/libg.a(lib_a-utoa.o)
                              /Applications/microchip/xc32/v2.20/bin/bin/../../lib/gcc/pic32c/6.2.1/../../../../pic32c/lib/libg.a(lib_a-itoa.o) (__utoa)
/Applications/microchip/xc32/v2.20/bin/bin/../../lib/gcc/pic32c/6.2.1/../../../../pic32c/lib/libg.a(lib_a-memcpy-stub.o)
                              /Applications/microchip/xc32/v2.20/bin/bin/../../lib/gcc/pic32c/6.2.1/../../../../pic32c/lib/libg.a(lib_a-utoa.o) (memcpy)
/Applications/microchip/xc32/v2.20/bin/bin/../../lib/gcc/pic32c/6.2.1/libgcc.a(_udivsi3.o)
                              /Applications/microchip/xc32/v2.20/bin/bin/../../lib/gcc/pic32c/6.2.1/../../../../pic32c/lib/libg.a(lib_a-utoa.o) (__aeabi_uidiv)

Microchip PIC32 Memory-Usage Report

ROM Program-Memory Usage
section                    address  length [bytes]      (dec)  Description
-------                 ----------  -------------------------  -----------
.vectors                         0           0xb0         176   
.text                         0xb0           0x20          32  App's exec code 
.ARM.exidx                    0xd0            0x8           8   
.text                         0xd8         0x147a        5242  App's exec code 
.text.Dummy_Handler         0x1552            0x2           2   
.text                       0x1554          0x150         336  App's exec code 
.text.__pic32c_data_ini     0x16a4           0x90         144   
.text                       0x1734          0x17c         380  App's exec code 
.text.__utoa                0x18b0           0x74         116   
.text                       0x1924           0xd8         216  App's exec code 
.text.Reset_Handler         0x19fc           0x54          84   
.text                       0x1a50           0x48          72  App's exec code 
.text.__libc_init_array     0x1a98           0x48          72   
.text                       0x1ae0           0x40          64  App's exec code 
.dinit                      0x1b20           0x40          64   
.text                       0x1b60           0x74         116  App's exec code 
.text.__itoa                0x1bd4           0x30          48   
.rodata                     0x1c04           0x25          37  Read-only const 
.text                       0x1c2c           0x48          72  App's exec code 
.rodata                     0x1c74           0x14          20  Read-only const 
.text                       0x1c88           0x14          20  App's exec code 
.text.memcpy                0x1c9c           0x12          18   
.text.memset                0x1cae           0x10          16   
.text                       0x1cbe            0xe          14  App's exec code 
.text.itoa                  0x1ccc            0x8           8   
.text.utoa                  0x1cd4            0x8           8   
.rodata                     0x1cdc            0x4           4  Read-only const 
.text                       0x1ce0            0x4           4  App's exec code 
      Total ROM used  :      0x1ce1        7393  2.8% of 0x40000
        --------------------------------------------------------------------------
         Total Program Memory used  :      0x1ce1        7393  2.8% of 0x40000
        --------------------------------------------------------------------------


RAM Data-Memory Usage
section                    address  length [bytes]      (dec)  Description
-------                 ----------  -------------------------  -----------
.bss                    0x20000000           0x1c          28  Uninitialized data 
.data                   0x2000001c            0x4           4  Initialized data 
.bss                    0x20000020            0x4           4  Uninitialized data 
.eh_frame               0x20000024            0x4           4   
         Total RAM used  :        0x28          40  0.1% of 0x8000
        --------------------------------------------------------------------------
            Total Data Memory used  :        0x28          40  0.1% of 0x8000
        --------------------------------------------------------------------------


Dynamic Data-Memory Reservation
section                    address  length [bytes]      (dec)  Description
-------                 ----------  -------------------------  -----------
heap                    0x20000030           0x10          16  Reserved for heap 
stack                   0x20000058         0x7fa0       32672  Reserved for stack 

        --------------------------------------------------------------------------

Memory Configuration

Name             Origin             Length             Attributes
rom              0x0000000000000000 0x0000000000040000 xrl
ram              0x0000000020000000 0x0000000000008000 xw !r
config_00804000  0x0000000000804000 0x0000000000000004
config_00804004  0x0000000000804004 0x0000000000000004

Linker script and memory map

LOAD /Applications/microchip/xc32/v2.20/bin/bin/../../lib/gcc/pic32c/6.2.1/crti.o
LOAD /Applications/microchip/xc32/v2.20/bin/bin/../../lib/gcc/pic32c/6.2.1/crtbegin.o
LOAD build/default/debug/ADC.o
LOAD build/default/debug/main.o
LOAD build/default/debug/SAMD21_TRMNL.o
LOAD build/default/debug/samd21ClockSet.o
LOAD build/default/debug/SERCOM0_UART.o
                0x0000000000000001                __MPLAB_BUILD = 0x1
                0x0000000000000001                __ICD2RAM = 0x1
                0x0000000000000001                __MPLAB_DEBUG = 0x1
                0x0000000000000001                __DEBUG = 0x1
LOAD /var/folders/8p/6ngw28355rbdddp56jdp8yf40000gn/T//ccVzlDSW.o
START GROUP
LOAD /Applications/microchip/xc32/v2.20/bin/bin/../../lib/gcc/pic32c/6.2.1/../../../../pic32c/lib/libpic32c.a
LOAD /Applications/microchip/xc32/v2.20/bin/bin/../../lib/gcc/pic32c/6.2.1/libgcc.a
LOAD /Applications/microchip/xc32/v2.20/bin/bin/../../lib/gcc/pic32c/6.2.1/../../../../pic32c/lib/libg.a
LOAD /Applications/microchip/xc32/v2.20/bin/bin/../../lib/gcc/pic32c/6.2.1/../../../../pic32c/lib/libc.a
LOAD /Applications/microchip/xc32/v2.20/bin/bin/../../lib/gcc/pic32c/6.2.1/../../../../pic32c/lib/libm.a
END GROUP
LOAD /Applications/microchip/xc32/v2.20/bin/bin/../../lib/gcc/pic32c/6.2.1/crtend.o
LOAD /Applications/microchip/xc32/v2.20/bin/bin/../../lib/gcc/pic32c/6.2.1/crtn.o
                0x0000000000040000                __rom_end = (ORIGIN (rom) + LENGTH (rom))
                0x0000000020008000                __ram_end = (ORIGIN (ram) + LENGTH (ram))

.config_00804000
 *(.config_00804000)

.config_00804004
 *(.config_00804004)

.vectors        0x0000000000000000       0xb0
                0x0000000000000000                . = ALIGN (0x4)
                0x0000000000000000                _sfixed = .
 *(.vectors .vectors.* .vectors_default .vectors_default.*)
 .vectors.default
                0x0000000000000000       0xb0 /var/folders/8p/6ngw28355rbdddp56jdp8yf40000gn/T//ccVzlDSW.o
                0x0000000000000000                exception_table
 *(.isr_vector)
 *(.reset*)
 *(.after_vectors)

.text           0x00000000000000b0       0x20
                0x00000000000000b0                . = ALIGN (0x4)
 *(.glue_7t)
 .glue_7t       0x00000000000000b0        0x0 linker stubs
 *(.glue_7)
 .glue_7        0x00000000000000b0        0x0 linker stubs
 *(.gnu.linkonce.r.*)
 *(.ARM.extab* .gnu.linkonce.armextab.*)
 .ARM.extab     0x00000000000000b0        0x0 /Applications/microchip/xc32/v2.20/bin/bin/../../lib/gcc/pic32c/6.2.1/libgcc.a(_udivmoddi4.o)
                0x00000000000000b0                . = ALIGN (0x4)
 *(.init)
 .init          0x00000000000000b0        0x4 /Applications/microchip/xc32/v2.20/bin/bin/../../lib/gcc/pic32c/6.2.1/crti.o
                0x00000000000000b0                _init
 .init          0x00000000000000b4        0x8 /Applications/microchip/xc32/v2.20/bin/bin/../../lib/gcc/pic32c/6.2.1/crtn.o
                0x00000000000000bc                . = ALIGN (0x4)
                0x00000000000000bc                __preinit_array_start = .
 *(.preinit_array)
                0x00000000000000bc                __preinit_array_end = .
                0x00000000000000bc                . = ALIGN (0x4)
                0x00000000000000bc                __init_array_start = .
 *(SORT(.init_array.*))
 *(.init_array)
 .init_array    0x00000000000000bc        0x4 /Applications/microchip/xc32/v2.20/bin/bin/../../lib/gcc/pic32c/6.2.1/crtbegin.o
                0x00000000000000c0                __init_array_end = .
                0x00000000000000c0                . = ALIGN (0x4)
 *crtbegin.o(.ctors)
 *(EXCLUDE_FILE(*crtend.o) .ctors)
 *(SORT(.ctors.*))
 *crtend.o(.ctors)
                0x00000000000000c0                . = ALIGN (0x4)
 *(.fini)
 .fini          0x00000000000000c0        0x4 /Applications/microchip/xc32/v2.20/bin/bin/../../lib/gcc/pic32c/6.2.1/crti.o
                0x00000000000000c0                _fini
 .fini          0x00000000000000c4        0x8 /Applications/microchip/xc32/v2.20/bin/bin/../../lib/gcc/pic32c/6.2.1/crtn.o
                0x00000000000000cc                . = ALIGN (0x4)
                0x00000000000000cc                __fini_array_start = .
 *(.fini_array)
 .fini_array    0x00000000000000cc        0x4 /Applications/microchip/xc32/v2.20/bin/bin/../../lib/gcc/pic32c/6.2.1/crtbegin.o
 *(SORT(.fini_array.*))
                0x00000000000000d0                __fini_array_end = .
 *crtbegin.o(.dtors)
 *(EXCLUDE_FILE(*crtend.o) .dtors)
 *(SORT(.dtors.*))
 *crtend.o(.dtors)
                0x00000000000000d0                . = ALIGN (0x4)
                0x00000000000000d0                _efixed = .
                [!provide]                        PROVIDE (__exidx_start, .)

.ARM.exidx      0x00000000000000d0        0x8
 *(.ARM.exidx* .gnu.linkonce.armexidx.*)
 .ARM.exidx     0x00000000000000d0        0x8 /Applications/microchip/xc32/v2.20/bin/bin/../../lib/gcc/pic32c/6.2.1/libgcc.a(_udivmoddi4.o)
                [!provide]                        PROVIDE (__exidx_end, .)
                0x00000000000000d8                . = ALIGN (0x4)
                0x00000000000000d8                _etext = .

.bss            0x0000000020000000        0x0
                0x0000000020000000                . = ALIGN (0x4)
                0x0000000020000000                __bss_start__ = .
                0x0000000020000000                _sbss = .
                0x0000000020000000                _szero = .
 *(COMMON)
                0x0000000020000000                . = ALIGN (0x4)
                0x0000000020000000                __bss_end__ = .
                0x0000000020000000                _ebss = .
                0x0000000020000000                _ezero = .
                0x0000000020000000                . = ALIGN (0x4)
                0x0000000020000000                _end = .
                0x0000000020007fff                _ram_end_ = ((ORIGIN (ram) + LENGTH (ram)) - 0x1)
OUTPUT(dist/default/debug/SAMD_MIDI_KNOBS.X.debug.elf elf32-littlearm)
LOAD stack
LOAD data_init

.ARM.attributes
                0x0000000000000000       0x28
 .ARM.attributes
                0x0000000000000000       0x1e /Applications/microchip/xc32/v2.20/bin/bin/../../lib/gcc/pic32c/6.2.1/crti.o
 .ARM.attributes
                0x000000000000001e       0x2c /Applications/microchip/xc32/v2.20/bin/bin/../../lib/gcc/pic32c/6.2.1/crtbegin.o
 .ARM.attributes
                0x000000000000004a       0x32 build/default/debug/ADC.o
 .ARM.attributes
                0x000000000000007c       0x32 build/default/debug/main.o
 .ARM.attributes
                0x00000000000000ae       0x32 build/default/debug/SAMD21_TRMNL.o
 .ARM.attributes
                0x00000000000000e0       0x32 build/default/debug/samd21ClockSet.o
 .ARM.attributes
                0x0000000000000112       0x32 build/default/debug/SERCOM0_UART.o
 .ARM.attributes
                0x0000000000000144       0x32 /var/folders/8p/6ngw28355rbdddp56jdp8yf40000gn/T//ccVzlDSW.o
 .ARM.attributes
                0x0000000000000176       0x2c /Applications/microchip/xc32/v2.20/bin/bin/../../lib/gcc/pic32c/6.2.1/../../../../pic32c/lib/libpic32c.a(data_init.o)
 .ARM.attributes
                0x00000000000001a2       0x1e /Applications/microchip/xc32/v2.20/bin/bin/../../lib/gcc/pic32c/6.2.1/libgcc.a(_aeabi_uldivmod.o)
 .ARM.attributes
                0x00000000000001c0       0x2c /Applications/microchip/xc32/v2.20/bin/bin/../../lib/gcc/pic32c/6.2.1/libgcc.a(_fixunsdfsi.o)
 .ARM.attributes
                0x00000000000001ec       0x2c /Applications/microchip/xc32/v2.20/bin/bin/../../lib/gcc/pic32c/6.2.1/libgcc.a(_udivmoddi4.o)
 .ARM.attributes
                0x0000000000000218       0x2c /Applications/microchip/xc32/v2.20/bin/bin/../../lib/gcc/pic32c/6.2.1/libgcc.a(muldf3.o)
 .ARM.attributes
                0x0000000000000244       0x2c /Applications/microchip/xc32/v2.20/bin/bin/../../lib/gcc/pic32c/6.2.1/libgcc.a(subdf3.o)
 .ARM.attributes
                0x0000000000000270       0x2c /Applications/microchip/xc32/v2.20/bin/bin/../../lib/gcc/pic32c/6.2.1/libgcc.a(fixdfsi.o)
 .ARM.attributes
                0x000000000000029c       0x2c /Applications/microchip/xc32/v2.20/bin/bin/../../lib/gcc/pic32c/6.2.1/libgcc.a(floatsidf.o)
 .ARM.attributes
                0x00000000000002c8       0x1e /Applications/microchip/xc32/v2.20/bin/bin/../../lib/gcc/pic32c/6.2.1/libgcc.a(_thumb1_case_uhi.o)
 .ARM.attributes
                0x00000000000002e6       0x1e /Applications/microchip/xc32/v2.20/bin/bin/../../lib/gcc/pic32c/6.2.1/libgcc.a(_dvmd_tls.o)
 .ARM.attributes
                0x0000000000000304       0x1e /Applications/microchip/xc32/v2.20/bin/bin/../../lib/gcc/pic32c/6.2.1/libgcc.a(_lshrdi3.o)
 .ARM.attributes
                0x0000000000000322       0x1e /Applications/microchip/xc32/v2.20/bin/bin/../../lib/gcc/pic32c/6.2.1/libgcc.a(_ashldi3.o)
 .ARM.attributes
                0x0000000000000340       0x1e /Applications/microchip/xc32/v2.20/bin/bin/../../lib/gcc/pic32c/6.2.1/libgcc.a(_arm_cmpdf2.o)
 .ARM.attributes
                0x000000000000035e       0x1e /Applications/microchip/xc32/v2.20/bin/bin/../../lib/gcc/pic32c/6.2.1/libgcc.a(_clzsi2.o)
 .ARM.attributes
                0x000000000000037c       0x1e /Applications/microchip/xc32/v2.20/bin/bin/../../lib/gcc/pic32c/6.2.1/libgcc.a(_clzdi2.o)
 .ARM.attributes
                0x000000000000039a       0x2c /Applications/microchip/xc32/v2.20/bin/bin/../../lib/gcc/pic32c/6.2.1/libgcc.a(eqdf2.o)
 .ARM.attributes
                0x00000000000003c6       0x2c /Applications/microchip/xc32/v2.20/bin/bin/../../lib/gcc/pic32c/6.2.1/libgcc.a(gedf2.o)
 .ARM.attributes
                0x00000000000003f2       0x2c /Applications/microchip/xc32/v2.20/bin/bin/../../lib/gcc/pic32c/6.2.1/libgcc.a(ledf2.o)
 .ARM.attributes
                0x000000000000041e       0x2c /Applications/microchip/xc32/v2.20/bin/bin/../../lib/gcc/pic32c/6.2.1/../../../../pic32c/lib/libg.a(lib_a-init.o)
 .ARM.attributes
                0x000000000000044a       0x2c /Applications/microchip/xc32/v2.20/bin/bin/../../lib/gcc/pic32c/6.2.1/../../../../pic32c/lib/libg.a(lib_a-itoa.o)
 .ARM.attributes
                0x0000000000000476       0x2c /Applications/microchip/xc32/v2.20/bin/bin/../../lib/gcc/pic32c/6.2.1/../../../../pic32c/lib/libg.a(lib_a-memset.o)
 .ARM.attributes
                0x00000000000004a2       0x1c /Applications/microchip/xc32/v2.20/bin/bin/../../lib/gcc/pic32c/6.2.1/../../../../pic32c/lib/libg.a(lib_a-strlen.o)
 .ARM.attributes
                0x00000000000004be       0x2c /Applications/microchip/xc32/v2.20/bin/bin/../../lib/gcc/pic32c/6.2.1/../../../../pic32c/lib/libg.a(lib_a-utoa.o)
 .ARM.attributes
                0x00000000000004ea       0x2c /Applications/microchip/xc32/v2.20/bin/bin/../../lib/gcc/pic32c/6.2.1/../../../../pic32c/lib/libg.a(lib_a-memcpy-stub.o)
 .ARM.attributes
                0x0000000000000516       0x1e /Applications/microchip/xc32/v2.20/bin/bin/../../lib/gcc/pic32c/6.2.1/libgcc.a(_udivsi3.o)
 .ARM.attributes
                0x0000000000000534       0x2c /Applications/microchip/xc32/v2.20/bin/bin/../../lib/gcc/pic32c/6.2.1/crtend.o
 .ARM.attributes
                0x0000000000000560       0x1e /Applications/microchip/xc32/v2.20/bin/bin/../../lib/gcc/pic32c/6.2.1/crtn.o

.comment        0x0000000000000000       0x3c
 .comment       0x0000000000000000       0x3c /Applications/microchip/xc32/v2.20/bin/bin/../../lib/gcc/pic32c/6.2.1/crtbegin.o
                                         0x3d (size before relaxing)
 .comment       0x000000000000003c       0x3d build/default/debug/ADC.o
 .comment       0x000000000000003c       0x3d build/default/debug/main.o
 .comment       0x000000000000003c       0x3d build/default/debug/SAMD21_TRMNL.o
 .comment       0x000000000000003c       0x3d build/default/debug/samd21ClockSet.o
 .comment       0x000000000000003c       0x3d build/default/debug/SERCOM0_UART.o
 .comment       0x000000000000003c       0x3d /var/folders/8p/6ngw28355rbdddp56jdp8yf40000gn/T//ccVzlDSW.o
 .comment       0x000000000000003c       0x3d /Applications/microchip/xc32/v2.20/bin/bin/../../lib/gcc/pic32c/6.2.1/../../../../pic32c/lib/libpic32c.a(data_init.o)
 .comment       0x000000000000003c       0x3d /Applications/microchip/xc32/v2.20/bin/bin/../../lib/gcc/pic32c/6.2.1/libgcc.a(_fixunsdfsi.o)
 .comment       0x000000000000003c       0x3d /Applications/microchip/xc32/v2.20/bin/bin/../../lib/gcc/pic32c/6.2.1/libgcc.a(_udivmoddi4.o)
 .comment       0x000000000000003c       0x3d /Applications/microchip/xc32/v2.20/bin/bin/../../lib/gcc/pic32c/6.2.1/libgcc.a(muldf3.o)
 .comment       0x000000000000003c       0x3d /Applications/microchip/xc32/v2.20/bin/bin/../../lib/gcc/pic32c/6.2.1/libgcc.a(subdf3.o)
 .comment       0x000000000000003c       0x3d /Applications/microchip/xc32/v2.20/bin/bin/../../lib/gcc/pic32c/6.2.1/libgcc.a(fixdfsi.o)
 .comment       0x000000000000003c       0x3d /Applications/microchip/xc32/v2.20/bin/bin/../../lib/gcc/pic32c/6.2.1/libgcc.a(floatsidf.o)
 .comment       0x000000000000003c       0x3d /Applications/microchip/xc32/v2.20/bin/bin/../../lib/gcc/pic32c/6.2.1/libgcc.a(eqdf2.o)
 .comment       0x000000000000003c       0x3d /Applications/microchip/xc32/v2.20/bin/bin/../../lib/gcc/pic32c/6.2.1/libgcc.a(gedf2.o)
 .comment       0x000000000000003c       0x3d /Applications/microchip/xc32/v2.20/bin/bin/../../lib/gcc/pic32c/6.2.1/libgcc.a(ledf2.o)
 .comment       0x000000000000003c       0x3d /Applications/microchip/xc32/v2.20/bin/bin/../../lib/gcc/pic32c/6.2.1/../../../../pic32c/lib/libg.a(lib_a-init.o)
 .comment       0x000000000000003c       0x3d /Applications/microchip/xc32/v2.20/bin/bin/../../lib/gcc/pic32c/6.2.1/../../../../pic32c/lib/libg.a(lib_a-itoa.o)
 .comment       0x000000000000003c       0x3d /Applications/microchip/xc32/v2.20/bin/bin/../../lib/gcc/pic32c/6.2.1/../../../../pic32c/lib/libg.a(lib_a-memset.o)
 .comment       0x000000000000003c       0x3d /Applications/microchip/xc32/v2.20/bin/bin/../../lib/gcc/pic32c/6.2.1/../../../../pic32c/lib/libg.a(lib_a-utoa.o)
 .comment       0x000000000000003c       0x3d /Applications/microchip/xc32/v2.20/bin/bin/../../lib/gcc/pic32c/6.2.1/../../../../pic32c/lib/libg.a(lib_a-memcpy-stub.o)
 .comment       0x000000000000003c       0x3d /Applications/microchip/xc32/v2.20/bin/bin/../../lib/gcc/pic32c/6.2.1/crtend.o

.debug_info     0x0000000000000000    0x16f7b
 .debug_info    0x0000000000000000     0x228d build/default/debug/ADC.o
 .debug_info    0x000000000000228d      0xe95 build/default/debug/main.o
 .debug_info    0x0000000000003122     0x44cd build/default/debug/SAMD21_TRMNL.o
 .debug_info    0x00000000000075ef     0x1dd6 build/default/debug/samd21ClockSet.o
 .debug_info    0x00000000000093c5     0x3917 build/default/debug/SERCOM0_UART.o
 .debug_info    0x000000000000ccdc      0x89c /var/folders/8p/6ngw28355rbdddp56jdp8yf40000gn/T//ccVzlDSW.o
 .debug_info    0x000000000000d578      0x1f0 /Applications/microchip/xc32/v2.20/bin/bin/../../lib/gcc/pic32c/6.2.1/../../../../pic32c/lib/libpic32c.a(data_init.o)
 .debug_info    0x000000000000d768       0xee /Applications/microchip/xc32/v2.20/bin/bin/../../lib/gcc/pic32c/6.2.1/libgcc.a(_aeabi_uldivmod.o)
 .debug_info    0x000000000000d856     0x12a0 /Applications/microchip/xc32/v2.20/bin/bin/../../lib/gcc/pic32c/6.2.1/libgcc.a(_fixunsdfsi.o)
 .debug_info    0x000000000000eaf6     0x132c /Applications/microchip/xc32/v2.20/bin/bin/../../lib/gcc/pic32c/6.2.1/libgcc.a(_udivmoddi4.o)
 .debug_info    0x000000000000fe22      0xa41 /Applications/microchip/xc32/v2.20/bin/bin/../../lib/gcc/pic32c/6.2.1/libgcc.a(muldf3.o)
 .debug_info    0x0000000000010863      0x7b0 /Applications/microchip/xc32/v2.20/bin/bin/../../lib/gcc/pic32c/6.2.1/libgcc.a(subdf3.o)
 .debug_info    0x0000000000011013      0x3bc /Applications/microchip/xc32/v2.20/bin/bin/../../lib/gcc/pic32c/6.2.1/libgcc.a(fixdfsi.o)
 .debug_info    0x00000000000113cf      0x4fc /Applications/microchip/xc32/v2.20/bin/bin/../../lib/gcc/pic32c/6.2.1/libgcc.a(floatsidf.o)
 .debug_info    0x00000000000118cb       0xee /Applications/microchip/xc32/v2.20/bin/bin/../../lib/gcc/pic32c/6.2.1/libgcc.a(_thumb1_case_uhi.o)
 .debug_info    0x00000000000119b9       0xee /Applications/microchip/xc32/v2.20/bin/bin/../../lib/gcc/pic32c/6.2.1/libgcc.a(_dvmd_tls.o)
 .debug_info    0x0000000000011aa7       0xee /Applications/microchip/xc32/v2.20/bin/bin/../../lib/gcc/pic32c/6.2.1/libgcc.a(_lshrdi3.o)
 .debug_info    0x0000000000011b95       0xee /Applications/microchip/xc32/v2.20/bin/bin/../../lib/gcc/pic32c/6.2.1/libgcc.a(_ashldi3.o)
 .debug_info    0x0000000000011c83       0xee /Applications/microchip/xc32/v2.20/bin/bin/../../lib/gcc/pic32c/6.2.1/libgcc.a(_arm_cmpdf2.o)
 .debug_info    0x0000000000011d71       0xee /Applications/microchip/xc32/v2.20/bin/bin/../../lib/gcc/pic32c/6.2.1/libgcc.a(_clzsi2.o)
 .debug_info    0x0000000000011e5f       0xee /Applications/microchip/xc32/v2.20/bin/bin/../../lib/gcc/pic32c/6.2.1/libgcc.a(_clzdi2.o)
 .debug_info    0x0000000000011f4d      0x413 /Applications/microchip/xc32/v2.20/bin/bin/../../lib/gcc/pic32c/6.2.1/libgcc.a(eqdf2.o)
 .debug_info    0x0000000000012360      0x43f /Applications/microchip/xc32/v2.20/bin/bin/../../lib/gcc/pic32c/6.2.1/libgcc.a(gedf2.o)
 .debug_info    0x000000000001279f      0x437 /Applications/microchip/xc32/v2.20/bin/bin/../../lib/gcc/pic32c/6.2.1/libgcc.a(ledf2.o)
 .debug_info    0x0000000000012bd6      0x354 /Applications/microchip/xc32/v2.20/bin/bin/../../lib/gcc/pic32c/6.2.1/../../../../pic32c/lib/libg.a(lib_a-init.o)
 .debug_info    0x0000000000012f2a      0xded /Applications/microchip/xc32/v2.20/bin/bin/../../lib/gcc/pic32c/6.2.1/../../../../pic32c/lib/libg.a(lib_a-itoa.o)
 .debug_info    0x0000000000013d17     0x14a9 /Applications/microchip/xc32/v2.20/bin/bin/../../lib/gcc/pic32c/6.2.1/../../../../pic32c/lib/libg.a(lib_a-memset.o)
 .debug_info    0x00000000000151c0      0x112 /Applications/microchip/xc32/v2.20/bin/bin/../../lib/gcc/pic32c/6.2.1/../../../../pic32c/lib/libg.a(lib_a-strlen.o)
 .debug_info    0x00000000000152d2      0xe42 /Applications/microchip/xc32/v2.20/bin/bin/../../lib/gcc/pic32c/6.2.1/../../../../pic32c/lib/libg.a(lib_a-utoa.o)
 .debug_info    0x0000000000016114      0xd79 /Applications/microchip/xc32/v2.20/bin/bin/../../lib/gcc/pic32c/6.2.1/../../../../pic32c/lib/libg.a(lib_a-memcpy-stub.o)
 .debug_info    0x0000000000016e8d       0xee /Applications/microchip/xc32/v2.20/bin/bin/../../lib/gcc/pic32c/6.2.1/libgcc.a(_udivsi3.o)

.debug_abbrev   0x0000000000000000     0x1d94
 .debug_abbrev  0x0000000000000000      0x194 build/default/debug/ADC.o
 .debug_abbrev  0x0000000000000194      0x1db build/default/debug/main.o
 .debug_abbrev  0x000000000000036f      0x25f build/default/debug/SAMD21_TRMNL.o
 .debug_abbrev  0x00000000000005ce      0x14f build/default/debug/samd21ClockSet.o
 .debug_abbrev  0x000000000000071d      0x1cb build/default/debug/SERCOM0_UART.o
 .debug_abbrev  0x00000000000008e8      0x104 /var/folders/8p/6ngw28355rbdddp56jdp8yf40000gn/T//ccVzlDSW.o
 .debug_abbrev  0x00000000000009ec       0x2a /Applications/microchip/xc32/v2.20/bin/bin/../../lib/gcc/pic32c/6.2.1/../../../../pic32c/lib/libpic32c.a(data_init.o)
 .debug_abbrev  0x0000000000000a16       0x14 /Applications/microchip/xc32/v2.20/bin/bin/../../lib/gcc/pic32c/6.2.1/libgcc.a(_aeabi_uldivmod.o)
 .debug_abbrev  0x0000000000000a2a      0x11b /Applications/microchip/xc32/v2.20/bin/bin/../../lib/gcc/pic32c/6.2.1/libgcc.a(_fixunsdfsi.o)
 .debug_abbrev  0x0000000000000b45      0x13b /Applications/microchip/xc32/v2.20/bin/bin/../../lib/gcc/pic32c/6.2.1/libgcc.a(_udivmoddi4.o)
 .debug_abbrev  0x0000000000000c80      0x14a /Applications/microchip/xc32/v2.20/bin/bin/../../lib/gcc/pic32c/6.2.1/libgcc.a(muldf3.o)
 .debug_abbrev  0x0000000000000dca      0x150 /Applications/microchip/xc32/v2.20/bin/bin/../../lib/gcc/pic32c/6.2.1/libgcc.a(subdf3.o)
 .debug_abbrev  0x0000000000000f1a      0x12c /Applications/microchip/xc32/v2.20/bin/bin/../../lib/gcc/pic32c/6.2.1/libgcc.a(fixdfsi.o)
 .debug_abbrev  0x0000000000001046      0x118 /Applications/microchip/xc32/v2.20/bin/bin/../../lib/gcc/pic32c/6.2.1/libgcc.a(floatsidf.o)
 .debug_abbrev  0x000000000000115e       0x14 /Applications/microchip/xc32/v2.20/bin/bin/../../lib/gcc/pic32c/6.2.1/libgcc.a(_thumb1_case_uhi.o)
 .debug_abbrev  0x0000000000001172       0x14 /Applications/microchip/xc32/v2.20/bin/bin/../../lib/gcc/pic32c/6.2.1/libgcc.a(_dvmd_tls.o)
 .debug_abbrev  0x0000000000001186       0x14 /Applications/microchip/xc32/v2.20/bin/bin/../../lib/gcc/pic32c/6.2.1/libgcc.a(_lshrdi3.o)
 .debug_abbrev  0x000000000000119a       0x14 /Applications/microchip/xc32/v2.20/bin/bin/../../lib/gcc/pic32c/6.2.1/libgcc.a(_ashldi3.o)
 .debug_abbrev  0x00000000000011ae       0x14 /Applications/microchip/xc32/v2.20/bin/bin/../../lib/gcc/pic32c/6.2.1/libgcc.a(_arm_cmpdf2.o)
 .debug_abbrev  0x00000000000011c2       0x14 /Applications/microchip/xc32/v2.20/bin/bin/../../lib/gcc/pic32c/6.2.1/libgcc.a(_clzsi2.o)
 .debug_abbrev  0x00000000000011d6       0x14 /Applications/microchip/xc32/v2.20/bin/bin/../../lib/gcc/pic32c/6.2.1/libgcc.a(_clzdi2.o)
 .debug_abbrev  0x00000000000011ea      0x128 /Applications/microchip/xc32/v2.20/bin/bin/../../lib/gcc/pic32c/6.2.1/libgcc.a(eqdf2.o)
 .debug_abbrev  0x0000000000001312      0x135 /Applications/microchip/xc32/v2.20/bin/bin/../../lib/gcc/pic32c/6.2.1/libgcc.a(gedf2.o)
 .debug_abbrev  0x0000000000001447      0x12a /Applications/microchip/xc32/v2.20/bin/bin/../../lib/gcc/pic32c/6.2.1/libgcc.a(ledf2.o)
 .debug_abbrev  0x0000000000001571       0xa3 /Applications/microchip/xc32/v2.20/bin/bin/../../lib/gcc/pic32c/6.2.1/../../../../pic32c/lib/libg.a(lib_a-init.o)
 .debug_abbrev  0x0000000000001614      0x1e3 /Applications/microchip/xc32/v2.20/bin/bin/../../lib/gcc/pic32c/6.2.1/../../../../pic32c/lib/libg.a(lib_a-itoa.o)
 .debug_abbrev  0x00000000000017f7      0x1b5 /Applications/microchip/xc32/v2.20/bin/bin/../../lib/gcc/pic32c/6.2.1/../../../../pic32c/lib/libg.a(lib_a-memset.o)
 .debug_abbrev  0x00000000000019ac       0x14 /Applications/microchip/xc32/v2.20/bin/bin/../../lib/gcc/pic32c/6.2.1/../../../../pic32c/lib/libg.a(lib_a-strlen.o)
 .debug_abbrev  0x00000000000019c0      0x1ff /Applications/microchip/xc32/v2.20/bin/bin/../../lib/gcc/pic32c/6.2.1/../../../../pic32c/lib/libg.a(lib_a-utoa.o)
 .debug_abbrev  0x0000000000001bbf      0x1c1 /Applications/microchip/xc32/v2.20/bin/bin/../../lib/gcc/pic32c/6.2.1/../../../../pic32c/lib/libg.a(lib_a-memcpy-stub.o)
 .debug_abbrev  0x0000000000001d80       0x14 /Applications/microchip/xc32/v2.20/bin/bin/../../lib/gcc/pic32c/6.2.1/libgcc.a(_udivsi3.o)

.debug_loc      0x0000000000000000     0x37d8
 .debug_loc     0x0000000000000000       0x9c build/default/debug/ADC.o
 .debug_loc     0x000000000000009c       0x64 build/default/debug/main.o
 .debug_loc     0x0000000000000100      0x150 build/default/debug/SAMD21_TRMNL.o
 .debug_loc     0x0000000000000250       0x38 build/default/debug/samd21ClockSet.o
 .debug_loc     0x0000000000000288      0x100 build/default/debug/SERCOM0_UART.o
 .debug_loc     0x0000000000000388       0x14 /Applications/microchip/xc32/v2.20/bin/bin/../../lib/gcc/pic32c/6.2.1/../../../../pic32c/lib/libpic32c.a(data_init.o)
 .debug_loc     0x000000000000039c       0x49 /Applications/microchip/xc32/v2.20/bin/bin/../../lib/gcc/pic32c/6.2.1/libgcc.a(_fixunsdfsi.o)
 .debug_loc     0x00000000000003e5      0x29d /Applications/microchip/xc32/v2.20/bin/bin/../../lib/gcc/pic32c/6.2.1/libgcc.a(_udivmoddi4.o)
 .debug_loc     0x0000000000000682      0xfde /Applications/microchip/xc32/v2.20/bin/bin/../../lib/gcc/pic32c/6.2.1/libgcc.a(muldf3.o)
 .debug_loc     0x0000000000001660     0x136f /Applications/microchip/xc32/v2.20/bin/bin/../../lib/gcc/pic32c/6.2.1/libgcc.a(subdf3.o)
 .debug_loc     0x00000000000029cf      0x131 /Applications/microchip/xc32/v2.20/bin/bin/../../lib/gcc/pic32c/6.2.1/libgcc.a(fixdfsi.o)
 .debug_loc     0x0000000000002b00      0x1c1 /Applications/microchip/xc32/v2.20/bin/bin/../../lib/gcc/pic32c/6.2.1/libgcc.a(floatsidf.o)
 .debug_loc     0x0000000000002cc1      0x120 /Applications/microchip/xc32/v2.20/bin/bin/../../lib/gcc/pic32c/6.2.1/libgcc.a(eqdf2.o)
 .debug_loc     0x0000000000002de1      0x26c /Applications/microchip/xc32/v2.20/bin/bin/../../lib/gcc/pic32c/6.2.1/libgcc.a(gedf2.o)
 .debug_loc     0x000000000000304d      0x1d5 /Applications/microchip/xc32/v2.20/bin/bin/../../lib/gcc/pic32c/6.2.1/libgcc.a(ledf2.o)
 .debug_loc     0x0000000000003222       0x72 /Applications/microchip/xc32/v2.20/bin/bin/../../lib/gcc/pic32c/6.2.1/../../../../pic32c/lib/libg.a(lib_a-init.o)
 .debug_loc     0x0000000000003294      0x1db /Applications/microchip/xc32/v2.20/bin/bin/../../lib/gcc/pic32c/6.2.1/../../../../pic32c/lib/libg.a(lib_a-itoa.o)
 .debug_loc     0x000000000000346f       0x72 /Applications/microchip/xc32/v2.20/bin/bin/../../lib/gcc/pic32c/6.2.1/../../../../pic32c/lib/libg.a(lib_a-memset.o)
 .debug_loc     0x00000000000034e1      0x219 /Applications/microchip/xc32/v2.20/bin/bin/../../lib/gcc/pic32c/6.2.1/../../../../pic32c/lib/libg.a(lib_a-utoa.o)
 .debug_loc     0x00000000000036fa       0xde /Applications/microchip/xc32/v2.20/bin/bin/../../lib/gcc/pic32c/6.2.1/../../../../pic32c/lib/libg.a(lib_a-memcpy-stub.o)

.debug_aranges  0x0000000000000000      0x3f8
 .debug_aranges
                0x0000000000000000       0x20 build/default/debug/ADC.o
 .debug_aranges
                0x0000000000000020       0x20 build/default/debug/main.o
 .debug_aranges
                0x0000000000000040       0x20 build/default/debug/SAMD21_TRMNL.o
 .debug_aranges
                0x0000000000000060       0x20 build/default/debug/samd21ClockSet.o
 .debug_aranges
                0x0000000000000080       0x20 build/default/debug/SERCOM0_UART.o
 .debug_aranges
                0x00000000000000a0       0x28 /var/folders/8p/6ngw28355rbdddp56jdp8yf40000gn/T//ccVzlDSW.o
 .debug_aranges
                0x00000000000000c8       0x20 /Applications/microchip/xc32/v2.20/bin/bin/../../lib/gcc/pic32c/6.2.1/../../../../pic32c/lib/libpic32c.a(data_init.o)
 .debug_aranges
                0x00000000000000e8       0x20 /Applications/microchip/xc32/v2.20/bin/bin/../../lib/gcc/pic32c/6.2.1/libgcc.a(_aeabi_uldivmod.o)
 .debug_aranges
                0x0000000000000108       0x20 /Applications/microchip/xc32/v2.20/bin/bin/../../lib/gcc/pic32c/6.2.1/libgcc.a(_fixunsdfsi.o)
 .debug_aranges
                0x0000000000000128       0x20 /Applications/microchip/xc32/v2.20/bin/bin/../../lib/gcc/pic32c/6.2.1/libgcc.a(_udivmoddi4.o)
 .debug_aranges
                0x0000000000000148       0x20 /Applications/microchip/xc32/v2.20/bin/bin/../../lib/gcc/pic32c/6.2.1/libgcc.a(muldf3.o)
 .debug_aranges
                0x0000000000000168       0x20 /Applications/microchip/xc32/v2.20/bin/bin/../../lib/gcc/pic32c/6.2.1/libgcc.a(subdf3.o)
 .debug_aranges
                0x0000000000000188       0x20 /Applications/microchip/xc32/v2.20/bin/bin/../../lib/gcc/pic32c/6.2.1/libgcc.a(fixdfsi.o)
 .debug_aranges
                0x00000000000001a8       0x20 /Applications/microchip/xc32/v2.20/bin/bin/../../lib/gcc/pic32c/6.2.1/libgcc.a(floatsidf.o)
 .debug_aranges
                0x00000000000001c8       0x20 /Applications/microchip/xc32/v2.20/bin/bin/../../lib/gcc/pic32c/6.2.1/libgcc.a(_thumb1_case_uhi.o)
 .debug_aranges
                0x00000000000001e8       0x20 /Applications/microchip/xc32/v2.20/bin/bin/../../lib/gcc/pic32c/6.2.1/libgcc.a(_dvmd_tls.o)
 .debug_aranges
                0x0000000000000208       0x20 /Applications/microchip/xc32/v2.20/bin/bin/../../lib/gcc/pic32c/6.2.1/libgcc.a(_lshrdi3.o)
 .debug_aranges
                0x0000000000000228       0x20 /Applications/microchip/xc32/v2.20/bin/bin/../../lib/gcc/pic32c/6.2.1/libgcc.a(_ashldi3.o)
 .debug_aranges
                0x0000000000000248       0x20 /Applications/microchip/xc32/v2.20/bin/bin/../../lib/gcc/pic32c/6.2.1/libgcc.a(_arm_cmpdf2.o)
 .debug_aranges
                0x0000000000000268       0x20 /Applications/microchip/xc32/v2.20/bin/bin/../../lib/gcc/pic32c/6.2.1/libgcc.a(_clzsi2.o)
 .debug_aranges
                0x0000000000000288       0x20 /Applications/microchip/xc32/v2.20/bin/bin/../../lib/gcc/pic32c/6.2.1/libgcc.a(_clzdi2.o)
 .debug_aranges
                0x00000000000002a8       0x20 /Applications/microchip/xc32/v2.20/bin/bin/../../lib/gcc/pic32c/6.2.1/libgcc.a(eqdf2.o)
 .debug_aranges
                0x00000000000002c8       0x20 /Applications/microchip/xc32/v2.20/bin/bin/../../lib/gcc/pic32c/6.2.1/libgcc.a(gedf2.o)
 .debug_aranges
                0x00000000000002e8       0x20 /Applications/microchip/xc32/v2.20/bin/bin/../../lib/gcc/pic32c/6.2.1/libgcc.a(ledf2.o)
 .debug_aranges
                0x0000000000000308       0x20 /Applications/microchip/xc32/v2.20/bin/bin/../../lib/gcc/pic32c/6.2.1/../../../../pic32c/lib/libg.a(lib_a-init.o)
 .debug_aranges
                0x0000000000000328       0x28 /Applications/microchip/xc32/v2.20/bin/bin/../../lib/gcc/pic32c/6.2.1/../../../../pic32c/lib/libg.a(lib_a-itoa.o)
 .debug_aranges
                0x0000000000000350       0x20 /Applications/microchip/xc32/v2.20/bin/bin/../../lib/gcc/pic32c/6.2.1/../../../../pic32c/lib/libg.a(lib_a-memset.o)
 .debug_aranges
                0x0000000000000370       0x20 /Applications/microchip/xc32/v2.20/bin/bin/../../lib/gcc/pic32c/6.2.1/../../../../pic32c/lib/libg.a(lib_a-strlen.o)
 .debug_aranges
                0x0000000000000390       0x28 /Applications/microchip/xc32/v2.20/bin/bin/../../lib/gcc/pic32c/6.2.1/../../../../pic32c/lib/libg.a(lib_a-utoa.o)
 .debug_aranges
                0x00000000000003b8       0x20 /Applications/microchip/xc32/v2.20/bin/bin/../../lib/gcc/pic32c/6.2.1/../../../../pic32c/lib/libg.a(lib_a-memcpy-stub.o)
 .debug_aranges
                0x00000000000003d8       0x20 /Applications/microchip/xc32/v2.20/bin/bin/../../lib/gcc/pic32c/6.2.1/libgcc.a(_udivsi3.o)

.debug_line     0x0000000000000000     0x2c6f
 .debug_line    0x0000000000000000      0x1bd build/default/debug/ADC.o
 .debug_line    0x00000000000001bd      0x1f9 build/default/debug/main.o
 .debug_line    0x00000000000003b6      0x289 build/default/debug/SAMD21_TRMNL.o
 .debug_line    0x000000000000063f      0x1c6 build/default/debug/samd21ClockSet.o
 .debug_line    0x0000000000000805      0x1e6 build/default/debug/SERCOM0_UART.o
 .debug_line    0x00000000000009eb      0x1ed /var/folders/8p/6ngw28355rbdddp56jdp8yf40000gn/T//ccVzlDSW.o
 .debug_line    0x0000000000000bd8       0xe3 /Applications/microchip/xc32/v2.20/bin/bin/../../lib/gcc/pic32c/6.2.1/../../../../pic32c/lib/libpic32c.a(data_init.o)
 .debug_line    0x0000000000000cbb       0xa7 /Applications/microchip/xc32/v2.20/bin/bin/../../lib/gcc/pic32c/6.2.1/libgcc.a(_aeabi_uldivmod.o)
 .debug_line    0x0000000000000d62      0x28c /Applications/microchip/xc32/v2.20/bin/bin/../../lib/gcc/pic32c/6.2.1/libgcc.a(_fixunsdfsi.o)
 .debug_line    0x0000000000000fee      0x2b2 /Applications/microchip/xc32/v2.20/bin/bin/../../lib/gcc/pic32c/6.2.1/libgcc.a(_udivmoddi4.o)
 .debug_line    0x00000000000012a0      0x182 /Applications/microchip/xc32/v2.20/bin/bin/../../lib/gcc/pic32c/6.2.1/libgcc.a(muldf3.o)
 .debug_line    0x0000000000001422      0x1cd /Applications/microchip/xc32/v2.20/bin/bin/../../lib/gcc/pic32c/6.2.1/libgcc.a(subdf3.o)
 .debug_line    0x00000000000015ef      0x12f /Applications/microchip/xc32/v2.20/bin/bin/../../lib/gcc/pic32c/6.2.1/libgcc.a(fixdfsi.o)
 .debug_line    0x000000000000171e      0x12a /Applications/microchip/xc32/v2.20/bin/bin/../../lib/gcc/pic32c/6.2.1/libgcc.a(floatsidf.o)
 .debug_line    0x0000000000001848       0xa5 /Applications/microchip/xc32/v2.20/bin/bin/../../lib/gcc/pic32c/6.2.1/libgcc.a(_thumb1_case_uhi.o)
 .debug_line    0x00000000000018ed       0x9c /Applications/microchip/xc32/v2.20/bin/bin/../../lib/gcc/pic32c/6.2.1/libgcc.a(_dvmd_tls.o)
 .debug_line    0x0000000000001989       0xa7 /Applications/microchip/xc32/v2.20/bin/bin/../../lib/gcc/pic32c/6.2.1/libgcc.a(_lshrdi3.o)
 .debug_line    0x0000000000001a30       0xa7 /Applications/microchip/xc32/v2.20/bin/bin/../../lib/gcc/pic32c/6.2.1/libgcc.a(_ashldi3.o)
 .debug_line    0x0000000000001ad7       0xb4 /Applications/microchip/xc32/v2.20/bin/bin/../../lib/gcc/pic32c/6.2.1/libgcc.a(_arm_cmpdf2.o)
 .debug_line    0x0000000000001b8b       0xb0 /Applications/microchip/xc32/v2.20/bin/bin/../../lib/gcc/pic32c/6.2.1/libgcc.a(_clzsi2.o)
 .debug_line    0x0000000000001c3b       0xa6 /Applications/microchip/xc32/v2.20/bin/bin/../../lib/gcc/pic32c/6.2.1/libgcc.a(_clzdi2.o)
 .debug_line    0x0000000000001ce1      0x14c /Applications/microchip/xc32/v2.20/bin/bin/../../lib/gcc/pic32c/6.2.1/libgcc.a(eqdf2.o)
 .debug_line    0x0000000000001e2d      0x14c /Applications/microchip/xc32/v2.20/bin/bin/../../lib/gcc/pic32c/6.2.1/libgcc.a(gedf2.o)
 .debug_line    0x0000000000001f79      0x14f /Applications/microchip/xc32/v2.20/bin/bin/../../lib/gcc/pic32c/6.2.1/libgcc.a(ledf2.o)
 .debug_line    0x00000000000020c8      0x118 /Applications/microchip/xc32/v2.20/bin/bin/../../lib/gcc/pic32c/6.2.1/../../../../pic32c/lib/libg.a(lib_a-init.o)
 .debug_line    0x00000000000021e0      0x226 /Applications/microchip/xc32/v2.20/bin/bin/../../lib/gcc/pic32c/6.2.1/../../../../pic32c/lib/libg.a(lib_a-itoa.o)
 .debug_line    0x0000000000002406      0x2ad /Applications/microchip/xc32/v2.20/bin/bin/../../lib/gcc/pic32c/6.2.1/../../../../pic32c/lib/libg.a(lib_a-memset.o)
 .debug_line    0x00000000000026b3       0xb1 /Applications/microchip/xc32/v2.20/bin/bin/../../lib/gcc/pic32c/6.2.1/../../../../pic32c/lib/libg.a(lib_a-strlen.o)
 .debug_line    0x0000000000002764      0x23c /Applications/microchip/xc32/v2.20/bin/bin/../../lib/gcc/pic32c/6.2.1/../../../../pic32c/lib/libg.a(lib_a-utoa.o)
 .debug_line    0x00000000000029a0      0x21c /Applications/microchip/xc32/v2.20/bin/bin/../../lib/gcc/pic32c/6.2.1/../../../../pic32c/lib/libg.a(lib_a-memcpy-stub.o)
 .debug_line    0x0000000000002bbc       0xb3 /Applications/microchip/xc32/v2.20/bin/bin/../../lib/gcc/pic32c/6.2.1/libgcc.a(_udivsi3.o)

.debug_str      0x0000000000000000      0x5ce
 .debug_str     0x0000000000000000       0x87 build/default/debug/ADC.o
 .debug_str     0x0000000000000087        0xe build/default/debug/main.o
 .debug_str     0x0000000000000095      0x103 build/default/debug/SAMD21_TRMNL.o
 .debug_str     0x0000000000000198       0xf7 build/default/debug/samd21ClockSet.o
 .debug_str     0x000000000000028f       0xf5 build/default/debug/SERCOM0_UART.o
 .debug_str     0x0000000000000384        0x0 /var/folders/8p/6ngw28355rbdddp56jdp8yf40000gn/T//ccVzlDSW.o
 .debug_str     0x0000000000000384        0x0 /Applications/microchip/xc32/v2.20/bin/bin/../../lib/gcc/pic32c/6.2.1/../../../../pic32c/lib/libpic32c.a(data_init.o)
 .debug_str     0x0000000000000384        0x0 /Applications/microchip/xc32/v2.20/bin/bin/../../lib/gcc/pic32c/6.2.1/libgcc.a(_fixunsdfsi.o)
 .debug_str     0x0000000000000384        0x0 /Applications/microchip/xc32/v2.20/bin/bin/../../lib/gcc/pic32c/6.2.1/libgcc.a(_udivmoddi4.o)
 .debug_str     0x0000000000000384       0x56 /Applications/microchip/xc32/v2.20/bin/bin/../../lib/gcc/pic32c/6.2.1/libgcc.a(muldf3.o)
 .debug_str     0x00000000000003da       0x2c /Applications/microchip/xc32/v2.20/bin/bin/../../lib/gcc/pic32c/6.2.1/libgcc.a(subdf3.o)
 .debug_str     0x0000000000000406       0x13 /Applications/microchip/xc32/v2.20/bin/bin/../../lib/gcc/pic32c/6.2.1/libgcc.a(fixdfsi.o)
 .debug_str     0x0000000000000419        0x0 /Applications/microchip/xc32/v2.20/bin/bin/../../lib/gcc/pic32c/6.2.1/libgcc.a(floatsidf.o)
 .debug_str     0x0000000000000419       0x26 /Applications/microchip/xc32/v2.20/bin/bin/../../lib/gcc/pic32c/6.2.1/libgcc.a(eqdf2.o)
 .debug_str     0x000000000000043f       0x26 /Applications/microchip/xc32/v2.20/bin/bin/../../lib/gcc/pic32c/6.2.1/libgcc.a(gedf2.o)
 .debug_str     0x0000000000000465       0x26 /Applications/microchip/xc32/v2.20/bin/bin/../../lib/gcc/pic32c/6.2.1/libgcc.a(ledf2.o)
 .debug_str     0x000000000000048b        0x0 /Applications/microchip/xc32/v2.20/bin/bin/../../lib/gcc/pic32c/6.2.1/../../../../pic32c/lib/libg.a(lib_a-init.o)
 .debug_str     0x000000000000048b        0xe /Applications/microchip/xc32/v2.20/bin/bin/../../lib/gcc/pic32c/6.2.1/../../../../pic32c/lib/libg.a(lib_a-itoa.o)
 .debug_str     0x0000000000000499      0x119 /Applications/microchip/xc32/v2.20/bin/bin/../../lib/gcc/pic32c/6.2.1/../../../../pic32c/lib/libg.a(lib_a-memset.o)
 .debug_str     0x00000000000005b2        0xe /Applications/microchip/xc32/v2.20/bin/bin/../../lib/gcc/pic32c/6.2.1/../../../../pic32c/lib/libg.a(lib_a-utoa.o)
 .debug_str     0x00000000000005c0        0xe /Applications/microchip/xc32/v2.20/bin/bin/../../lib/gcc/pic32c/6.2.1/../../../../pic32c/lib/libg.a(lib_a-memcpy-stub.o)

.debug_frame    0x0000000000000000      0x598
 .debug_frame   0x0000000000000000       0x70 build/default/debug/ADC.o
 .debug_frame   0x0000000000000070       0x50 build/default/debug/main.o
 .debug_frame   0x00000000000000c0       0xd4 build/default/debug/SAMD21_TRMNL.o
 .debug_frame   0x0000000000000194       0x30 build/default/debug/samd21ClockSet.o
 .debug_frame   0x00000000000001c4       0xac build/default/debug/SERCOM0_UART.o
 .debug_frame   0x0000000000000270       0x30 /var/folders/8p/6ngw28355rbdddp56jdp8yf40000gn/T//ccVzlDSW.o
 .debug_frame   0x00000000000002a0       0x2c /Applications/microchip/xc32/v2.20/bin/bin/../../lib/gcc/pic32c/6.2.1/../../../../pic32c/lib/libpic32c.a(data_init.o)
 .debug_frame   0x00000000000002cc       0x2c /Applications/microchip/xc32/v2.20/bin/bin/../../lib/gcc/pic32c/6.2.1/libgcc.a(_fixunsdfsi.o)
 .debug_frame   0x00000000000002f8       0x30 /Applications/microchip/xc32/v2.20/bin/bin/../../lib/gcc/pic32c/6.2.1/libgcc.a(_udivmoddi4.o)
 .debug_frame   0x0000000000000328       0x30 /Applications/microchip/xc32/v2.20/bin/bin/../../lib/gcc/pic32c/6.2.1/libgcc.a(muldf3.o)
 .debug_frame   0x0000000000000358       0x34 /Applications/microchip/xc32/v2.20/bin/bin/../../lib/gcc/pic32c/6.2.1/libgcc.a(subdf3.o)
 .debug_frame   0x000000000000038c       0x2c /Applications/microchip/xc32/v2.20/bin/bin/../../lib/gcc/pic32c/6.2.1/libgcc.a(fixdfsi.o)
 .debug_frame   0x00000000000003b8       0x30 /Applications/microchip/xc32/v2.20/bin/bin/../../lib/gcc/pic32c/6.2.1/libgcc.a(floatsidf.o)
 .debug_frame   0x00000000000003e8       0x30 /Applications/microchip/xc32/v2.20/bin/bin/../../lib/gcc/pic32c/6.2.1/libgcc.a(eqdf2.o)
 .debug_frame   0x0000000000000418       0x34 /Applications/microchip/xc32/v2.20/bin/bin/../../lib/gcc/pic32c/6.2.1/libgcc.a(gedf2.o)
 .debug_frame   0x000000000000044c       0x30 /Applications/microchip/xc32/v2.20/bin/bin/../../lib/gcc/pic32c/6.2.1/libgcc.a(ledf2.o)
 .debug_frame   0x000000000000047c       0x2c /Applications/microchip/xc32/v2.20/bin/bin/../../lib/gcc/pic32c/6.2.1/../../../../pic32c/lib/libg.a(lib_a-init.o)
 .debug_frame   0x00000000000004a8       0x40 /Applications/microchip/xc32/v2.20/bin/bin/../../lib/gcc/pic32c/6.2.1/../../../../pic32c/lib/libg.a(lib_a-itoa.o)
 .debug_frame   0x00000000000004e8       0x20 /Applications/microchip/xc32/v2.20/bin/bin/../../lib/gcc/pic32c/6.2.1/../../../../pic32c/lib/libg.a(lib_a-memset.o)
 .debug_frame   0x0000000000000508       0x48 /Applications/microchip/xc32/v2.20/bin/bin/../../lib/gcc/pic32c/6.2.1/../../../../pic32c/lib/libg.a(lib_a-utoa.o)
 .debug_frame   0x0000000000000550       0x28 /Applications/microchip/xc32/v2.20/bin/bin/../../lib/gcc/pic32c/6.2.1/../../../../pic32c/lib/libg.a(lib_a-memcpy-stub.o)
 .debug_frame   0x0000000000000578       0x20 /Applications/microchip/xc32/v2.20/bin/bin/../../lib/gcc/pic32c/6.2.1/libgcc.a(_udivsi3.o)

.debug_ranges   0x0000000000000000      0x540
 .debug_ranges  0x0000000000000000       0x18 /var/folders/8p/6ngw28355rbdddp56jdp8yf40000gn/T//ccVzlDSW.o
 .debug_ranges  0x0000000000000018       0x10 /Applications/microchip/xc32/v2.20/bin/bin/../../lib/gcc/pic32c/6.2.1/../../../../pic32c/lib/libpic32c.a(data_init.o)
 .debug_ranges  0x0000000000000028      0x1d0 /Applications/microchip/xc32/v2.20/bin/bin/../../lib/gcc/pic32c/6.2.1/libgcc.a(muldf3.o)
 .debug_ranges  0x00000000000001f8      0x1b8 /Applications/microchip/xc32/v2.20/bin/bin/../../lib/gcc/pic32c/6.2.1/libgcc.a(subdf3.o)
 .debug_ranges  0x00000000000003b0       0x18 /Applications/microchip/xc32/v2.20/bin/bin/../../lib/gcc/pic32c/6.2.1/libgcc.a(fixdfsi.o)
 .debug_ranges  0x00000000000003c8       0x50 /Applications/microchip/xc32/v2.20/bin/bin/../../lib/gcc/pic32c/6.2.1/libgcc.a(floatsidf.o)
 .debug_ranges  0x0000000000000418       0x50 /Applications/microchip/xc32/v2.20/bin/bin/../../lib/gcc/pic32c/6.2.1/libgcc.a(eqdf2.o)
 .debug_ranges  0x0000000000000468       0x30 /Applications/microchip/xc32/v2.20/bin/bin/../../lib/gcc/pic32c/6.2.1/libgcc.a(gedf2.o)
 .debug_ranges  0x0000000000000498       0x48 /Applications/microchip/xc32/v2.20/bin/bin/../../lib/gcc/pic32c/6.2.1/libgcc.a(ledf2.o)
 .debug_ranges  0x00000000000004e0       0x10 /Applications/microchip/xc32/v2.20/bin/bin/../../lib/gcc/pic32c/6.2.1/../../../../pic32c/lib/libg.a(lib_a-init.o)
 .debug_ranges  0x00000000000004f0       0x18 /Applications/microchip/xc32/v2.20/bin/bin/../../lib/gcc/pic32c/6.2.1/../../../../pic32c/lib/libg.a(lib_a-itoa.o)
 .debug_ranges  0x0000000000000508       0x10 /Applications/microchip/xc32/v2.20/bin/bin/../../lib/gcc/pic32c/6.2.1/../../../../pic32c/lib/libg.a(lib_a-memset.o)
 .debug_ranges  0x0000000000000518       0x18 /Applications/microchip/xc32/v2.20/bin/bin/../../lib/gcc/pic32c/6.2.1/../../../../pic32c/lib/libg.a(lib_a-utoa.o)
 .debug_ranges  0x0000000000000530       0x10 /Applications/microchip/xc32/v2.20/bin/bin/../../lib/gcc/pic32c/6.2.1/../../../../pic32c/lib/libg.a(lib_a-memcpy-stub.o)

.stack          0x0000000020000058      0x100
 .stack         0x0000000020000058      0x100 stack

.bss%1          0x0000000020000000       0x1c
 .bss           0x0000000020000000       0x1c /Applications/microchip/xc32/v2.20/bin/bin/../../lib/gcc/pic32c/6.2.1/crtbegin.o

.data%2         0x000000002000001c        0x4
 .data          0x000000002000001c        0x4 /Applications/microchip/xc32/v2.20/bin/bin/../../lib/gcc/pic32c/6.2.1/crtbegin.o
                0x000000002000001c                __dso_handle

.bss%3          0x0000000020000020        0x4
 .bss           0x0000000020000020        0x4 build/default/debug/main.o
                0x0000000020000020                dir1
                0x0000000020000021                dir2
                0x0000000020000022                prev_dir1
                0x0000000020000023                prev_dir2

.eh_frame%4     0x0000000020000024        0x4
 .eh_frame      0x0000000020000024        0x4 /Applications/microchip/xc32/v2.20/bin/bin/../../lib/gcc/pic32c/6.2.1/crtend.o

.bss%z1         0x0000000000000000        0x0
 .bss           0x0000000000000000        0x0 /Applications/microchip/xc32/v2.20/bin/bin/../../lib/gcc/pic32c/6.2.1/crtn.o

.data%z2        0x0000000000000000        0x0
 .data          0x0000000000000000        0x0 /Applications/microchip/xc32/v2.20/bin/bin/../../lib/gcc/pic32c/6.2.1/crtn.o

.bss%z3         0x0000000000000000        0x0
 .bss           0x0000000000000000        0x0 /Applications/microchip/xc32/v2.20/bin/bin/../../lib/gcc/pic32c/6.2.1/crtend.o

.data%z4        0x0000000000000000        0x0
 .data          0x0000000000000000        0x0 /Applications/microchip/xc32/v2.20/bin/bin/../../lib/gcc/pic32c/6.2.1/crtend.o

.bss%z5         0x0000000000000000        0x0
 .bss           0x0000000000000000        0x0 /Applications/microchip/xc32/v2.20/bin/bin/../../lib/gcc/pic32c/6.2.1/libgcc.a(_udivsi3.o)

.data%z6        0x0000000000000000        0x0
 .data          0x0000000000000000        0x0 /Applications/microchip/xc32/v2.20/bin/bin/../../lib/gcc/pic32c/6.2.1/libgcc.a(_udivsi3.o)

.bss%z7         0x0000000000000000        0x0
 .bss           0x0000000000000000        0x0 /Applications/microchip/xc32/v2.20/bin/bin/../../lib/gcc/pic32c/6.2.1/../../../../pic32c/lib/libg.a(lib_a-memcpy-stub.o)

.data%z8        0x0000000000000000        0x0
 .data          0x0000000000000000        0x0 /Applications/microchip/xc32/v2.20/bin/bin/../../lib/gcc/pic32c/6.2.1/../../../../pic32c/lib/libg.a(lib_a-memcpy-stub.o)

.bss%z9         0x0000000000000000        0x0
 .bss           0x0000000000000000        0x0 /Applications/microchip/xc32/v2.20/bin/bin/../../lib/gcc/pic32c/6.2.1/../../../../pic32c/lib/libg.a(lib_a-utoa.o)

.data%z10       0x0000000000000000        0x0
 .data          0x0000000000000000        0x0 /Applications/microchip/xc32/v2.20/bin/bin/../../lib/gcc/pic32c/6.2.1/../../../../pic32c/lib/libg.a(lib_a-utoa.o)

.bss%z11        0x0000000000000000        0x0
 .bss           0x0000000000000000        0x0 /Applications/microchip/xc32/v2.20/bin/bin/../../lib/gcc/pic32c/6.2.1/../../../../pic32c/lib/libg.a(lib_a-strlen.o)

.data%z12       0x0000000000000000        0x0
 .data          0x0000000000000000        0x0 /Applications/microchip/xc32/v2.20/bin/bin/../../lib/gcc/pic32c/6.2.1/../../../../pic32c/lib/libg.a(lib_a-strlen.o)

.bss%z13        0x0000000000000000        0x0
 .bss           0x0000000000000000        0x0 /Applications/microchip/xc32/v2.20/bin/bin/../../lib/gcc/pic32c/6.2.1/../../../../pic32c/lib/libg.a(lib_a-memset.o)

.data%z14       0x0000000000000000        0x0
 .data          0x0000000000000000        0x0 /Applications/microchip/xc32/v2.20/bin/bin/../../lib/gcc/pic32c/6.2.1/../../../../pic32c/lib/libg.a(lib_a-memset.o)

.bss%z15        0x0000000000000000        0x0
 .bss           0x0000000000000000        0x0 /Applications/microchip/xc32/v2.20/bin/bin/../../lib/gcc/pic32c/6.2.1/../../../../pic32c/lib/libg.a(lib_a-itoa.o)

.data%z16       0x0000000000000000        0x0
 .data          0x0000000000000000        0x0 /Applications/microchip/xc32/v2.20/bin/bin/../../lib/gcc/pic32c/6.2.1/../../../../pic32c/lib/libg.a(lib_a-itoa.o)

.bss%z17        0x0000000000000000        0x0
 .bss           0x0000000000000000        0x0 /Applications/microchip/xc32/v2.20/bin/bin/../../lib/gcc/pic32c/6.2.1/../../../../pic32c/lib/libg.a(lib_a-init.o)

.data%z18       0x0000000000000000        0x0
 .data          0x0000000000000000        0x0 /Applications/microchip/xc32/v2.20/bin/bin/../../lib/gcc/pic32c/6.2.1/../../../../pic32c/lib/libg.a(lib_a-init.o)

.bss%z19        0x0000000000000000        0x0
 .bss           0x0000000000000000        0x0 /Applications/microchip/xc32/v2.20/bin/bin/../../lib/gcc/pic32c/6.2.1/libgcc.a(ledf2.o)

.data%z20       0x0000000000000000        0x0
 .data          0x0000000000000000        0x0 /Applications/microchip/xc32/v2.20/bin/bin/../../lib/gcc/pic32c/6.2.1/libgcc.a(ledf2.o)

.bss%z21        0x0000000000000000        0x0
 .bss           0x0000000000000000        0x0 /Applications/microchip/xc32/v2.20/bin/bin/../../lib/gcc/pic32c/6.2.1/libgcc.a(gedf2.o)

.data%z22       0x0000000000000000        0x0
 .data          0x0000000000000000        0x0 /Applications/microchip/xc32/v2.20/bin/bin/../../lib/gcc/pic32c/6.2.1/libgcc.a(gedf2.o)

.bss%z23        0x0000000000000000        0x0
 .bss           0x0000000000000000        0x0 /Applications/microchip/xc32/v2.20/bin/bin/../../lib/gcc/pic32c/6.2.1/libgcc.a(eqdf2.o)

.data%z24       0x0000000000000000        0x0
 .data          0x0000000000000000        0x0 /Applications/microchip/xc32/v2.20/bin/bin/../../lib/gcc/pic32c/6.2.1/libgcc.a(eqdf2.o)

.bss%z25        0x0000000000000000        0x0
 .bss           0x0000000000000000        0x0 /Applications/microchip/xc32/v2.20/bin/bin/../../lib/gcc/pic32c/6.2.1/libgcc.a(_clzdi2.o)

.data%z26       0x0000000000000000        0x0
 .data          0x0000000000000000        0x0 /Applications/microchip/xc32/v2.20/bin/bin/../../lib/gcc/pic32c/6.2.1/libgcc.a(_clzdi2.o)

.bss%z27        0x0000000000000000        0x0
 .bss           0x0000000000000000        0x0 /Applications/microchip/xc32/v2.20/bin/bin/../../lib/gcc/pic32c/6.2.1/libgcc.a(_clzsi2.o)

.data%z28       0x0000000000000000        0x0
 .data          0x0000000000000000        0x0 /Applications/microchip/xc32/v2.20/bin/bin/../../lib/gcc/pic32c/6.2.1/libgcc.a(_clzsi2.o)

.bss%z29        0x0000000000000000        0x0
 .bss           0x0000000000000000        0x0 /Applications/microchip/xc32/v2.20/bin/bin/../../lib/gcc/pic32c/6.2.1/libgcc.a(_arm_cmpdf2.o)

.data%z30       0x0000000000000000        0x0
 .data          0x0000000000000000        0x0 /Applications/microchip/xc32/v2.20/bin/bin/../../lib/gcc/pic32c/6.2.1/libgcc.a(_arm_cmpdf2.o)

.bss%z31        0x0000000000000000        0x0
 .bss           0x0000000000000000        0x0 /Applications/microchip/xc32/v2.20/bin/bin/../../lib/gcc/pic32c/6.2.1/libgcc.a(_ashldi3.o)

.data%z32       0x0000000000000000        0x0
 .data          0x0000000000000000        0x0 /Applications/microchip/xc32/v2.20/bin/bin/../../lib/gcc/pic32c/6.2.1/libgcc.a(_ashldi3.o)

.bss%z33        0x0000000000000000        0x0
 .bss           0x0000000000000000        0x0 /Applications/microchip/xc32/v2.20/bin/bin/../../lib/gcc/pic32c/6.2.1/libgcc.a(_lshrdi3.o)

.data%z34       0x0000000000000000        0x0
 .data          0x0000000000000000        0x0 /Applications/microchip/xc32/v2.20/bin/bin/../../lib/gcc/pic32c/6.2.1/libgcc.a(_lshrdi3.o)

.bss%z35        0x0000000000000000        0x0
 .bss           0x0000000000000000        0x0 /Applications/microchip/xc32/v2.20/bin/bin/../../lib/gcc/pic32c/6.2.1/libgcc.a(_dvmd_tls.o)

.data%z36       0x0000000000000000        0x0
 .data          0x0000000000000000        0x0 /Applications/microchip/xc32/v2.20/bin/bin/../../lib/gcc/pic32c/6.2.1/libgcc.a(_dvmd_tls.o)

.bss%z37        0x0000000000000000        0x0
 .bss           0x0000000000000000        0x0 /Applications/microchip/xc32/v2.20/bin/bin/../../lib/gcc/pic32c/6.2.1/libgcc.a(_thumb1_case_uhi.o)

.data%z38       0x0000000000000000        0x0
 .data          0x0000000000000000        0x0 /Applications/microchip/xc32/v2.20/bin/bin/../../lib/gcc/pic32c/6.2.1/libgcc.a(_thumb1_case_uhi.o)

.bss%z39        0x0000000000000000        0x0
 .bss           0x0000000000000000        0x0 /Applications/microchip/xc32/v2.20/bin/bin/../../lib/gcc/pic32c/6.2.1/libgcc.a(floatsidf.o)

.data%z40       0x0000000000000000        0x0
 .data          0x0000000000000000        0x0 /Applications/microchip/xc32/v2.20/bin/bin/../../lib/gcc/pic32c/6.2.1/libgcc.a(floatsidf.o)

.bss%z41        0x0000000000000000        0x0
 .bss           0x0000000000000000        0x0 /Applications/microchip/xc32/v2.20/bin/bin/../../lib/gcc/pic32c/6.2.1/libgcc.a(fixdfsi.o)

.data%z42       0x0000000000000000        0x0
 .data          0x0000000000000000        0x0 /Applications/microchip/xc32/v2.20/bin/bin/../../lib/gcc/pic32c/6.2.1/libgcc.a(fixdfsi.o)

.bss%z43        0x0000000000000000        0x0
 .bss           0x0000000000000000        0x0 /Applications/microchip/xc32/v2.20/bin/bin/../../lib/gcc/pic32c/6.2.1/libgcc.a(subdf3.o)

.data%z44       0x0000000000000000        0x0
 .data          0x0000000000000000        0x0 /Applications/microchip/xc32/v2.20/bin/bin/../../lib/gcc/pic32c/6.2.1/libgcc.a(subdf3.o)

.bss%z45        0x0000000000000000        0x0
 .bss           0x0000000000000000        0x0 /Applications/microchip/xc32/v2.20/bin/bin/../../lib/gcc/pic32c/6.2.1/libgcc.a(muldf3.o)

.data%z46       0x0000000000000000        0x0
 .data          0x0000000000000000        0x0 /Applications/microchip/xc32/v2.20/bin/bin/../../lib/gcc/pic32c/6.2.1/libgcc.a(muldf3.o)

.bss%z47        0x0000000000000000        0x0
 .bss           0x0000000000000000        0x0 /Applications/microchip/xc32/v2.20/bin/bin/../../lib/gcc/pic32c/6.2.1/libgcc.a(_udivmoddi4.o)

.data%z48       0x0000000000000000        0x0
 .data          0x0000000000000000        0x0 /Applications/microchip/xc32/v2.20/bin/bin/../../lib/gcc/pic32c/6.2.1/libgcc.a(_udivmoddi4.o)

.bss%z49        0x0000000000000000        0x0
 .bss           0x0000000000000000        0x0 /Applications/microchip/xc32/v2.20/bin/bin/../../lib/gcc/pic32c/6.2.1/libgcc.a(_fixunsdfsi.o)

.data%z50       0x0000000000000000        0x0
 .data          0x0000000000000000        0x0 /Applications/microchip/xc32/v2.20/bin/bin/../../lib/gcc/pic32c/6.2.1/libgcc.a(_fixunsdfsi.o)

.bss%z51        0x0000000000000000        0x0
 .bss           0x0000000000000000        0x0 /Applications/microchip/xc32/v2.20/bin/bin/../../lib/gcc/pic32c/6.2.1/libgcc.a(_aeabi_uldivmod.o)

.data%z52       0x0000000000000000        0x0
 .data          0x0000000000000000        0x0 /Applications/microchip/xc32/v2.20/bin/bin/../../lib/gcc/pic32c/6.2.1/libgcc.a(_aeabi_uldivmod.o)

.bss%z53        0x0000000000000000        0x0
 .bss           0x0000000000000000        0x0 /Applications/microchip/xc32/v2.20/bin/bin/../../lib/gcc/pic32c/6.2.1/../../../../pic32c/lib/libpic32c.a(data_init.o)

.data%z54       0x0000000000000000        0x0
 .data          0x0000000000000000        0x0 /Applications/microchip/xc32/v2.20/bin/bin/../../lib/gcc/pic32c/6.2.1/../../../../pic32c/lib/libpic32c.a(data_init.o)

.bss%z55        0x0000000000000000        0x0
 .bss           0x0000000000000000        0x0 /var/folders/8p/6ngw28355rbdddp56jdp8yf40000gn/T//ccVzlDSW.o

.data%z56       0x0000000000000000        0x0
 .data          0x0000000000000000        0x0 /var/folders/8p/6ngw28355rbdddp56jdp8yf40000gn/T//ccVzlDSW.o

.bss%z57        0x0000000000000000        0x0
 .bss           0x0000000000000000        0x0 build/default/debug/SERCOM0_UART.o

.data%z58       0x0000000000000000        0x0
 .data          0x0000000000000000        0x0 build/default/debug/SERCOM0_UART.o

.bss%z59        0x0000000000000000        0x0
 .bss           0x0000000000000000        0x0 build/default/debug/samd21ClockSet.o

.data%z60       0x0000000000000000        0x0
 .data          0x0000000000000000        0x0 build/default/debug/samd21ClockSet.o

.bss%z61        0x0000000000000000        0x0
 .bss           0x0000000000000000        0x0 build/default/debug/SAMD21_TRMNL.o

.data%z62       0x0000000000000000        0x0
 .data          0x0000000000000000        0x0 build/default/debug/SAMD21_TRMNL.o

.data%z63       0x0000000000000000        0x0
 .data          0x0000000000000000        0x0 build/default/debug/main.o

.bss%z64        0x0000000000000000        0x0
 .bss           0x0000000000000000        0x0 build/default/debug/ADC.o

.data%z65       0x0000000000000000        0x0
 .data          0x0000000000000000        0x0 build/default/debug/ADC.o

.eh_frame%z66   0x0000000000000000        0x0
 .eh_frame      0x0000000000000000        0x0 /Applications/microchip/xc32/v2.20/bin/bin/../../lib/gcc/pic32c/6.2.1/crtbegin.o

.bss%z67        0x0000000000000000        0x0
 .bss           0x0000000000000000        0x0 /Applications/microchip/xc32/v2.20/bin/bin/../../lib/gcc/pic32c/6.2.1/crti.o

.data%z68       0x0000000000000000        0x0
 .data          0x0000000000000000        0x0 /Applications/microchip/xc32/v2.20/bin/bin/../../lib/gcc/pic32c/6.2.1/crti.o

.text%5         0x00000000000000d8     0x147a
 .text          0x00000000000000d8      0x5b0 /Applications/microchip/xc32/v2.20/bin/bin/../../lib/gcc/pic32c/6.2.1/libgcc.a(subdf3.o)
                0x00000000000000d8                __aeabi_dsub
 .text          0x0000000000000688      0x424 /Applications/microchip/xc32/v2.20/bin/bin/../../lib/gcc/pic32c/6.2.1/libgcc.a(muldf3.o)
                0x0000000000000688                __aeabi_dmul
 .text          0x0000000000000aac      0x2b8 build/default/debug/SERCOM0_UART.o
                0x0000000000000aac                SERCOM0_UART_init
                0x0000000000000cb0                SERCOM0_UART_sendByte
                0x0000000000000ce4                SERCOM0_UART_sendBytes
                0x0000000000000d2c                SERCOM0_UART_hasData
                0x0000000000000d50                SERCOM0_UART_getData
 .text          0x0000000000000d64      0x250 build/default/debug/SAMD21_TRMNL.o
                0x0000000000000d64                TRMNL_init
                0x0000000000000e90                TRMNL_sendChar
                0x0000000000000ec4                TRMNL_sendString
                0x0000000000000efe                TRMNL_sendWord
                0x0000000000000f36                TRMNL_sendNum
                0x0000000000000f6e                TRMNL_sendHex
 .text          0x0000000000000fb4      0x1cc build/default/debug/ADC.o
                0x0000000000000fb4                ADC_init
                0x000000000000103c                ADC_read
                0x0000000000001080                ADC_addChannel
 .text          0x0000000000001180      0x1b4 build/default/debug/main.o
                0x0000000000001180                main
                0x0000000000001238                getPosition
 .text          0x0000000000001334      0x13c build/default/debug/samd21ClockSet.o
                0x0000000000001334                setFreq48MHz
 .text          0x0000000000001470       0xe2 /Applications/microchip/xc32/v2.20/bin/bin/../../lib/gcc/pic32c/6.2.1/libgcc.a(_udivmoddi4.o)
                0x0000000000001470                __udivmoddi4

.text%13        0x0000000000001554      0x150
 .text          0x0000000000001554       0xb0 /Applications/microchip/xc32/v2.20/bin/bin/../../lib/gcc/pic32c/6.2.1/libgcc.a(ledf2.o)
                0x0000000000001554                __ltdf2
                0x0000000000001554                __ledf2
 .text          0x0000000000001604       0xa0 /Applications/microchip/xc32/v2.20/bin/bin/../../lib/gcc/pic32c/6.2.1/libgcc.a(gedf2.o)
                0x0000000000001604                __gtdf2
                0x0000000000001604                __gedf2

.text.__pic32c_data_initialization%15
                0x00000000000016a4       0x90
 .text.__pic32c_data_initialization
                0x00000000000016a4       0x90 /Applications/microchip/xc32/v2.20/bin/bin/../../lib/gcc/pic32c/6.2.1/../../../../pic32c/lib/libpic32c.a(data_init.o)
                0x00000000000016a4                __pic32c_data_initialization

.text%16        0x0000000000001734      0x17c
 .text          0x0000000000001734       0x8c /Applications/microchip/xc32/v2.20/bin/bin/../../lib/gcc/pic32c/6.2.1/libgcc.a(_udivsi3.o)
                0x0000000000001734                __udivsi3
                0x0000000000001734                __aeabi_uidiv
                0x00000000000017ac                __aeabi_uidivmod
 .text          0x00000000000017c0       0x7c /Applications/microchip/xc32/v2.20/bin/bin/../../lib/gcc/pic32c/6.2.1/libgcc.a(_arm_cmpdf2.o)
                0x00000000000017c0                __aeabi_cdrcmple
                0x00000000000017d0                __aeabi_cdcmple
                0x00000000000017d0                __aeabi_cdcmpeq
                0x00000000000017e0                __aeabi_dcmpeq
                0x00000000000017ec                __aeabi_dcmplt
                0x0000000000001800                __aeabi_dcmple
                0x0000000000001814                __aeabi_dcmpgt
                0x0000000000001828                __aeabi_dcmpge
 .text          0x000000000000183c       0x74 /Applications/microchip/xc32/v2.20/bin/bin/../../lib/gcc/pic32c/6.2.1/libgcc.a(floatsidf.o)
                0x000000000000183c                __aeabi_i2d

.text.__utoa%19
                0x00000000000018b0       0x74
 .text.__utoa   0x00000000000018b0       0x74 /Applications/microchip/xc32/v2.20/bin/bin/../../lib/gcc/pic32c/6.2.1/../../../../pic32c/lib/libg.a(lib_a-utoa.o)
                0x00000000000018b0                __utoa

.text%20        0x0000000000001924       0xd8
 .text          0x0000000000001924       0x70 /Applications/microchip/xc32/v2.20/bin/bin/../../lib/gcc/pic32c/6.2.1/libgcc.a(eqdf2.o)
                0x0000000000001924                __eqdf2
                0x0000000000001924                __nedf2
 .text          0x0000000000001994       0x68 /Applications/microchip/xc32/v2.20/bin/bin/../../lib/gcc/pic32c/6.2.1/libgcc.a(fixdfsi.o)
                0x0000000000001994                __aeabi_d2iz

.text.Reset_Handler%22
                0x00000000000019fc       0x54
 .text.Reset_Handler
                0x00000000000019fc       0x54 /var/folders/8p/6ngw28355rbdddp56jdp8yf40000gn/T//ccVzlDSW.o
                0x00000000000019fc                Reset_Handler

.text%23        0x0000000000001a50       0x48
 .text          0x0000000000001a50       0x48 /Applications/microchip/xc32/v2.20/bin/bin/../../lib/gcc/pic32c/6.2.1/crtbegin.o

.text.__libc_init_array%24
                0x0000000000001a98       0x48
 .text.__libc_init_array
                0x0000000000001a98       0x48 /Applications/microchip/xc32/v2.20/bin/bin/../../lib/gcc/pic32c/6.2.1/../../../../pic32c/lib/libg.a(lib_a-init.o)
                0x0000000000001a98                __libc_init_array

.text%25        0x0000000000001ae0       0x40
 .text          0x0000000000001ae0       0x40 /Applications/microchip/xc32/v2.20/bin/bin/../../lib/gcc/pic32c/6.2.1/libgcc.a(_aeabi_uldivmod.o)
                0x0000000000001ae0                __aeabi_uldivmod

.dinit%26       0x0000000000001b20       0x40
 .dinit         0x0000000000001b20       0x40 data_init

.text%27        0x0000000000001b60       0x74
 .text          0x0000000000001b60       0x3c /Applications/microchip/xc32/v2.20/bin/bin/../../lib/gcc/pic32c/6.2.1/libgcc.a(_clzsi2.o)
                0x0000000000001b60                __clzsi2
 .text          0x0000000000001b9c       0x38 /Applications/microchip/xc32/v2.20/bin/bin/../../lib/gcc/pic32c/6.2.1/libgcc.a(_fixunsdfsi.o)
                0x0000000000001b9c                __fixunsdfsi
                0x0000000000001b9c                __aeabi_d2uiz

.text.__itoa%29
                0x0000000000001bd4       0x30
 .text.__itoa   0x0000000000001bd4       0x30 /Applications/microchip/xc32/v2.20/bin/bin/../../lib/gcc/pic32c/6.2.1/../../../../pic32c/lib/libg.a(lib_a-itoa.o)
                0x0000000000001bd4                __itoa

.rodata%30      0x0000000000001c04       0x25
 .rodata        0x0000000000001c04       0x25 /Applications/microchip/xc32/v2.20/bin/bin/../../lib/gcc/pic32c/6.2.1/../../../../pic32c/lib/libg.a(lib_a-utoa.o)

.text%31        0x0000000000001c2c       0x48
 .text          0x0000000000001c2c       0x18 /Applications/microchip/xc32/v2.20/bin/bin/../../lib/gcc/pic32c/6.2.1/libgcc.a(_lshrdi3.o)
                0x0000000000001c2c                __aeabi_llsr
                0x0000000000001c2c                __lshrdi3
 .text          0x0000000000001c44       0x18 /Applications/microchip/xc32/v2.20/bin/bin/../../lib/gcc/pic32c/6.2.1/libgcc.a(_ashldi3.o)
                0x0000000000001c44                __ashldi3
                0x0000000000001c44                __aeabi_llsl
 .text          0x0000000000001c5c       0x18 /Applications/microchip/xc32/v2.20/bin/bin/../../lib/gcc/pic32c/6.2.1/libgcc.a(_clzdi2.o)
                0x0000000000001c5c                __clzdi2

.rodata%34      0x0000000000001c74       0x14
 .rodata        0x0000000000001c74       0x14 build/default/debug/main.o

.text%35        0x0000000000001c88       0x14
 .text          0x0000000000001c88       0x14 /Applications/microchip/xc32/v2.20/bin/bin/../../lib/gcc/pic32c/6.2.1/libgcc.a(_thumb1_case_uhi.o)
                0x0000000000001c88                __gnu_thumb1_case_uhi

.text.memcpy%36
                0x0000000000001c9c       0x12
 .text.memcpy   0x0000000000001c9c       0x12 /Applications/microchip/xc32/v2.20/bin/bin/../../lib/gcc/pic32c/6.2.1/../../../../pic32c/lib/libg.a(lib_a-memcpy-stub.o)
                0x0000000000001c9c                memcpy

.text.memset%37
                0x0000000000001cae       0x10
 .text.memset   0x0000000000001cae       0x10 /Applications/microchip/xc32/v2.20/bin/bin/../../lib/gcc/pic32c/6.2.1/../../../../pic32c/lib/libg.a(lib_a-memset.o)
                0x0000000000001cae                memset

.text%38        0x0000000000001cbe        0xe
 .text          0x0000000000001cbe        0xe /Applications/microchip/xc32/v2.20/bin/bin/../../lib/gcc/pic32c/6.2.1/../../../../pic32c/lib/libg.a(lib_a-strlen.o)
                0x0000000000001cbe                strlen

.text.itoa%39   0x0000000000001ccc        0x8
 .text.itoa     0x0000000000001ccc        0x8 /Applications/microchip/xc32/v2.20/bin/bin/../../lib/gcc/pic32c/6.2.1/../../../../pic32c/lib/libg.a(lib_a-itoa.o)
                0x0000000000001ccc                itoa

.text.utoa%40   0x0000000000001cd4        0x8
 .text.utoa     0x0000000000001cd4        0x8 /Applications/microchip/xc32/v2.20/bin/bin/../../lib/gcc/pic32c/6.2.1/../../../../pic32c/lib/libg.a(lib_a-utoa.o)
                0x0000000000001cd4                utoa

.rodata%41      0x0000000000001cdc        0x4
 .rodata        0x0000000000001cdc        0x4 build/default/debug/SAMD21_TRMNL.o

.text%42        0x0000000000001ce0        0x4
 .text          0x0000000000001ce0        0x4 /Applications/microchip/xc32/v2.20/bin/bin/../../lib/gcc/pic32c/6.2.1/libgcc.a(_dvmd_tls.o)
                0x0000000000001ce0                __aeabi_ldiv0
                0x0000000000001ce0                __aeabi_idiv0

.text.Dummy_Handler%43
                0x0000000000001552        0x2
 .text.Dummy_Handler
                0x0000000000001552        0x2 /var/folders/8p/6ngw28355rbdddp56jdp8yf40000gn/T//ccVzlDSW.o
                0x0000000000001552                SYSCTRL_Handler
                0x0000000000001552                DMAC_Handler
                0x0000000000001552                HardFault_Handler
                0x0000000000001552                AC_Handler
                0x0000000000001552                SysTick_Handler
                0x0000000000001552                PendSV_Handler
                0x0000000000001552                TC7_Handler
                0x0000000000001552                SERCOM1_Handler
                0x0000000000001552                ADC_Handler
                0x0000000000001552                NonMaskableInt_Handler
                0x0000000000001552                TCC1_Handler
                0x0000000000001552                SERCOM2_Handler
                0x0000000000001552                TCC0_Handler
                0x0000000000001552                RTC_Handler
                0x0000000000001552                EIC_Handler
                0x0000000000001552                TC6_Handler
                0x0000000000001552                WDT_Handler
                0x0000000000001552                TC4_Handler
                0x0000000000001552                USB_Handler
                0x0000000000001552                TC3_Handler
                0x0000000000001552                Dummy_Handler
                0x0000000000001552                PM_Handler
                0x0000000000001552                SERCOM5_Handler
                0x0000000000001552                TCC2_Handler
                0x0000000000001552                EVSYS_Handler
                0x0000000000001552                SERCOM3_Handler
                0x0000000000001552                SERCOM4_Handler
                0x0000000000001552                I2S_Handler
                0x0000000000001552                NVMCTRL_Handler
                0x0000000000001552                SERCOM0_Handler
                0x0000000000001552                DAC_Handler
                0x0000000000001552                PTC_Handler
                0x0000000000001552                TC5_Handler
                0x0000000000001552                SVCall_Handler

.text%z69       0x0000000000000000        0x0
 .text          0x0000000000000000        0x0 /Applications/microchip/xc32/v2.20/bin/bin/../../lib/gcc/pic32c/6.2.1/crtn.o

.text%z70       0x0000000000000000        0x0
 .text          0x0000000000000000        0x0 /Applications/microchip/xc32/v2.20/bin/bin/../../lib/gcc/pic32c/6.2.1/crtend.o

.text%z71       0x0000000000000000        0x0
 .text          0x0000000000000000        0x0 /Applications/microchip/xc32/v2.20/bin/bin/../../lib/gcc/pic32c/6.2.1/../../../../pic32c/lib/libg.a(lib_a-memcpy-stub.o)

.text%z72       0x0000000000000000        0x0
 .text          0x0000000000000000        0x0 /Applications/microchip/xc32/v2.20/bin/bin/../../lib/gcc/pic32c/6.2.1/../../../../pic32c/lib/libg.a(lib_a-utoa.o)

.text%z73       0x0000000000000000        0x0
 .text          0x0000000000000000        0x0 /Applications/microchip/xc32/v2.20/bin/bin/../../lib/gcc/pic32c/6.2.1/../../../../pic32c/lib/libg.a(lib_a-memset.o)

.text%z74       0x0000000000000000        0x0
 .text          0x0000000000000000        0x0 /Applications/microchip/xc32/v2.20/bin/bin/../../lib/gcc/pic32c/6.2.1/../../../../pic32c/lib/libg.a(lib_a-itoa.o)

.text%z75       0x0000000000000000        0x0
 .text          0x0000000000000000        0x0 /Applications/microchip/xc32/v2.20/bin/bin/../../lib/gcc/pic32c/6.2.1/../../../../pic32c/lib/libg.a(lib_a-init.o)

.text%z76       0x0000000000000000        0x0
 .text          0x0000000000000000        0x0 /Applications/microchip/xc32/v2.20/bin/bin/../../lib/gcc/pic32c/6.2.1/../../../../pic32c/lib/libpic32c.a(data_init.o)

.text%z77       0x0000000000000000        0x0
 .text          0x0000000000000000        0x0 /var/folders/8p/6ngw28355rbdddp56jdp8yf40000gn/T//ccVzlDSW.o

.text%z78       0x0000000000000000        0x0
 .text          0x0000000000000000        0x0 /Applications/microchip/xc32/v2.20/bin/bin/../../lib/gcc/pic32c/6.2.1/crti.o
