Archive member included to satisfy reference by file (symbol)

/Applications/microchip/xc32/v2.20/bin/bin/../../lib/gcc/pic32c/6.2.1/../../../../pic32c/lib/libpic32c.a(data_init.o)
                              /var/folders/8p/6ngw28355rbdddp56jdp8yf40000gn/T//ccrcs4nK.o (__pic32c_data_initialization)
/Applications/microchip/xc32/v2.20/bin/bin/../../lib/gcc/pic32c/6.2.1/libgcc.a(_aeabi_uldivmod.o)
                              build/default/production/SAMD21_TRMNL.o (__aeabi_uldivmod)
/Applications/microchip/xc32/v2.20/bin/bin/../../lib/gcc/pic32c/6.2.1/libgcc.a(_fixunsdfsi.o)
                              build/default/production/main.o (__aeabi_d2uiz)
/Applications/microchip/xc32/v2.20/bin/bin/../../lib/gcc/pic32c/6.2.1/libgcc.a(_udivmoddi4.o)
                              /Applications/microchip/xc32/v2.20/bin/bin/../../lib/gcc/pic32c/6.2.1/libgcc.a(_aeabi_uldivmod.o) (__udivmoddi4)
/Applications/microchip/xc32/v2.20/bin/bin/../../lib/gcc/pic32c/6.2.1/libgcc.a(muldf3.o)
                              build/default/production/main.o (__aeabi_dmul)
/Applications/microchip/xc32/v2.20/bin/bin/../../lib/gcc/pic32c/6.2.1/libgcc.a(subdf3.o)
                              /Applications/microchip/xc32/v2.20/bin/bin/../../lib/gcc/pic32c/6.2.1/libgcc.a(_fixunsdfsi.o) (__aeabi_dsub)
/Applications/microchip/xc32/v2.20/bin/bin/../../lib/gcc/pic32c/6.2.1/libgcc.a(fixdfsi.o)
                              /Applications/microchip/xc32/v2.20/bin/bin/../../lib/gcc/pic32c/6.2.1/libgcc.a(_fixunsdfsi.o) (__aeabi_d2iz)
/Applications/microchip/xc32/v2.20/bin/bin/../../lib/gcc/pic32c/6.2.1/libgcc.a(floatsidf.o)
                              build/default/production/main.o (__aeabi_i2d)
/Applications/microchip/xc32/v2.20/bin/bin/../../lib/gcc/pic32c/6.2.1/libgcc.a(_thumb1_case_uhi.o)
                              /Applications/microchip/xc32/v2.20/bin/bin/../../lib/gcc/pic32c/6.2.1/libgcc.a(muldf3.o) (__gnu_thumb1_case_uhi)
/Applications/microchip/xc32/v2.20/bin/bin/../../lib/gcc/pic32c/6.2.1/libgcc.a(_dvmd_tls.o)
                              /Applications/microchip/xc32/v2.20/bin/bin/../../lib/gcc/pic32c/6.2.1/libgcc.a(_aeabi_uldivmod.o) (__aeabi_ldiv0)
/Applications/microchip/xc32/v2.20/bin/bin/../../lib/gcc/pic32c/6.2.1/libgcc.a(_lshrdi3.o)
                              /Applications/microchip/xc32/v2.20/bin/bin/../../lib/gcc/pic32c/6.2.1/libgcc.a(_udivmoddi4.o) (__aeabi_llsr)
/Applications/microchip/xc32/v2.20/bin/bin/../../lib/gcc/pic32c/6.2.1/libgcc.a(_ashldi3.o)
                              /Applications/microchip/xc32/v2.20/bin/bin/../../lib/gcc/pic32c/6.2.1/libgcc.a(_udivmoddi4.o) (__aeabi_llsl)
/Applications/microchip/xc32/v2.20/bin/bin/../../lib/gcc/pic32c/6.2.1/libgcc.a(_arm_cmpdf2.o)
                              /Applications/microchip/xc32/v2.20/bin/bin/../../lib/gcc/pic32c/6.2.1/libgcc.a(_fixunsdfsi.o) (__aeabi_dcmpge)
/Applications/microchip/xc32/v2.20/bin/bin/../../lib/gcc/pic32c/6.2.1/libgcc.a(_clzsi2.o)
                              /Applications/microchip/xc32/v2.20/bin/bin/../../lib/gcc/pic32c/6.2.1/libgcc.a(muldf3.o) (__clzsi2)
/Applications/microchip/xc32/v2.20/bin/bin/../../lib/gcc/pic32c/6.2.1/libgcc.a(_clzdi2.o)
                              /Applications/microchip/xc32/v2.20/bin/bin/../../lib/gcc/pic32c/6.2.1/libgcc.a(_udivmoddi4.o) (__clzdi2)
/Applications/microchip/xc32/v2.20/bin/bin/../../lib/gcc/pic32c/6.2.1/libgcc.a(eqdf2.o)
                              /Applications/microchip/xc32/v2.20/bin/bin/../../lib/gcc/pic32c/6.2.1/libgcc.a(_arm_cmpdf2.o) (__eqdf2)
/Applications/microchip/xc32/v2.20/bin/bin/../../lib/gcc/pic32c/6.2.1/libgcc.a(gedf2.o)
                              /Applications/microchip/xc32/v2.20/bin/bin/../../lib/gcc/pic32c/6.2.1/libgcc.a(_arm_cmpdf2.o) (__gedf2)
/Applications/microchip/xc32/v2.20/bin/bin/../../lib/gcc/pic32c/6.2.1/libgcc.a(ledf2.o)
                              /Applications/microchip/xc32/v2.20/bin/bin/../../lib/gcc/pic32c/6.2.1/libgcc.a(_arm_cmpdf2.o) (__ledf2)
/Applications/microchip/xc32/v2.20/bin/bin/../../lib/gcc/pic32c/6.2.1/../../../../pic32c/lib/libc.a(lib_a-init.o)
                              /var/folders/8p/6ngw28355rbdddp56jdp8yf40000gn/T//ccrcs4nK.o (__libc_init_array)
/Applications/microchip/xc32/v2.20/bin/bin/../../lib/gcc/pic32c/6.2.1/../../../../pic32c/lib/libc.a(lib_a-itoa.o)
                              build/default/production/SAMD21_TRMNL.o (itoa)
/Applications/microchip/xc32/v2.20/bin/bin/../../lib/gcc/pic32c/6.2.1/../../../../pic32c/lib/libc.a(lib_a-memset.o)
                              build/default/production/SAMD21_TRMNL.o (memset)
/Applications/microchip/xc32/v2.20/bin/bin/../../lib/gcc/pic32c/6.2.1/../../../../pic32c/lib/libc.a(lib_a-strlen.o)
                              build/default/production/SAMD21_TRMNL.o (strlen)
/Applications/microchip/xc32/v2.20/bin/bin/../../lib/gcc/pic32c/6.2.1/../../../../pic32c/lib/libc.a(lib_a-utoa.o)
                              /Applications/microchip/xc32/v2.20/bin/bin/../../lib/gcc/pic32c/6.2.1/../../../../pic32c/lib/libc.a(lib_a-itoa.o) (__utoa)
/Applications/microchip/xc32/v2.20/bin/bin/../../lib/gcc/pic32c/6.2.1/../../../../pic32c/lib/libc.a(lib_a-memcpy-stub.o)
                              /Applications/microchip/xc32/v2.20/bin/bin/../../lib/gcc/pic32c/6.2.1/../../../../pic32c/lib/libc.a(lib_a-utoa.o) (memcpy)
/Applications/microchip/xc32/v2.20/bin/bin/../../lib/gcc/pic32c/6.2.1/libgcc.a(_udivsi3.o)
                              /Applications/microchip/xc32/v2.20/bin/bin/../../lib/gcc/pic32c/6.2.1/../../../../pic32c/lib/libc.a(lib_a-utoa.o) (__aeabi_uidiv)

Microchip PIC32 Memory-Usage Report

ROM Program-Memory Usage
section                    address  length [bytes]      (dec)  Description
-------                 ----------  -------------------------  -----------
.vectors                         0           0xb0         176   
.text                         0xb0           0x20          32  App's exec code 
.ARM.exidx                    0xd0            0x8           8   
.text                         0xd8         0x13f6        5110  App's exec code 
.text.Dummy_Handler         0x14ce            0x2           2   
.text                       0x14d0          0x150         336  App's exec code 
.text.__pic32c_data_ini     0x1620           0x90         144   
.text                       0x16b0          0x17c         380  App's exec code 
.text.__utoa                0x182c           0x74         116   
.text                       0x18a0           0xd8         216  App's exec code 
.text.Reset_Handler         0x1978           0x54          84   
.text                       0x19cc           0x48          72  App's exec code 
.text.__libc_init_array     0x1a14           0x48          72   
.text                       0x1a5c           0x40          64  App's exec code 
.dinit                      0x1a9c           0x40          64   
.text                       0x1adc           0x74         116  App's exec code 
.text.__itoa                0x1b50           0x30          48   
.rodata                     0x1b80           0x25          37  Read-only const 
.text                       0x1ba8           0x5c          92  App's exec code 
.text.memcpy                0x1c04           0x12          18   
.text.memset                0x1c16           0x10          16   
.text                       0x1c26            0xe          14  App's exec code 
.rodata                     0x1c34            0xc          12  Read-only const 
.text.itoa                  0x1c40            0x8           8   
.text.utoa                  0x1c48            0x8           8   
.rodata                     0x1c50            0x4           4  Read-only const 
.text                       0x1c54            0x4           4  App's exec code 
      Total ROM used  :      0x1c55        7253  2.8% of 0x40000
        --------------------------------------------------------------------------
         Total Program Memory used  :      0x1c55        7253  2.8% of 0x40000
        --------------------------------------------------------------------------


RAM Data-Memory Usage
section                    address  length [bytes]      (dec)  Description
-------                 ----------  -------------------------  -----------
.bss                    0x20000000           0x1c          28  Uninitialized data 
.data                   0x2000001c            0x4           4  Initialized data 
.bss                    0x20000020            0x4           4  Uninitialized data 
.eh_frame               0x20000024            0x4           4   
         Total RAM used  :        0x28          40  0.1% of 0x8000
        --------------------------------------------------------------------------
            Total Data Memory used  :        0x28          40  0.1% of 0x8000
        --------------------------------------------------------------------------


Dynamic Data-Memory Reservation
section                    address  length [bytes]      (dec)  Description
-------                 ----------  -------------------------  -----------
heap                    0x20000030           0x10          16  Reserved for heap 
stack                   0x20000058         0x7fa0       32672  Reserved for stack 

        --------------------------------------------------------------------------

Memory Configuration

Name             Origin             Length             Attributes
rom              0x0000000000000000 0x0000000000040000 xrl
ram              0x0000000020000000 0x0000000000008000 xw !r
config_00804000  0x0000000000804000 0x0000000000000004
config_00804004  0x0000000000804004 0x0000000000000004

Linker script and memory map

LOAD /Applications/microchip/xc32/v2.20/bin/bin/../../lib/gcc/pic32c/6.2.1/crti.o
LOAD /Applications/microchip/xc32/v2.20/bin/bin/../../lib/gcc/pic32c/6.2.1/crtbegin.o
LOAD build/default/production/ADC.o
LOAD build/default/production/main.o
LOAD build/default/production/SAMD21_TRMNL.o
LOAD build/default/production/samd21ClockSet.o
LOAD build/default/production/SERCOM0_UART.o
                0x0000000000000001                __MPLAB_BUILD = 0x1
LOAD /var/folders/8p/6ngw28355rbdddp56jdp8yf40000gn/T//ccrcs4nK.o
START GROUP
LOAD /Applications/microchip/xc32/v2.20/bin/bin/../../lib/gcc/pic32c/6.2.1/../../../../pic32c/lib/libpic32c.a
LOAD /Applications/microchip/xc32/v2.20/bin/bin/../../lib/gcc/pic32c/6.2.1/libgcc.a
LOAD /Applications/microchip/xc32/v2.20/bin/bin/../../lib/gcc/pic32c/6.2.1/../../../../pic32c/lib/libc.a
LOAD /Applications/microchip/xc32/v2.20/bin/bin/../../lib/gcc/pic32c/6.2.1/../../../../pic32c/lib/libm.a
END GROUP
LOAD /Applications/microchip/xc32/v2.20/bin/bin/../../lib/gcc/pic32c/6.2.1/crtend.o
LOAD /Applications/microchip/xc32/v2.20/bin/bin/../../lib/gcc/pic32c/6.2.1/crtn.o
                0x0000000000040000                __rom_end = (ORIGIN (rom) + LENGTH (rom))
                0x0000000020008000                __ram_end = (ORIGIN (ram) + LENGTH (ram))

.config_00804000
 *(.config_00804000)

.config_00804004
 *(.config_00804004)

.vectors        0x0000000000000000       0xb0
                0x0000000000000000                . = ALIGN (0x4)
                0x0000000000000000                _sfixed = .
 *(.vectors .vectors.* .vectors_default .vectors_default.*)
 .vectors.default
                0x0000000000000000       0xb0 /var/folders/8p/6ngw28355rbdddp56jdp8yf40000gn/T//ccrcs4nK.o
                0x0000000000000000                exception_table
 *(.isr_vector)
 *(.reset*)
 *(.after_vectors)

.text           0x00000000000000b0       0x20
                0x00000000000000b0                . = ALIGN (0x4)
 *(.glue_7t)
 .glue_7t       0x00000000000000b0        0x0 linker stubs
 *(.glue_7)
 .glue_7        0x00000000000000b0        0x0 linker stubs
 *(.gnu.linkonce.r.*)
 *(.ARM.extab* .gnu.linkonce.armextab.*)
 .ARM.extab     0x00000000000000b0        0x0 /Applications/microchip/xc32/v2.20/bin/bin/../../lib/gcc/pic32c/6.2.1/libgcc.a(_udivmoddi4.o)
                0x00000000000000b0                . = ALIGN (0x4)
 *(.init)
 .init          0x00000000000000b0        0x4 /Applications/microchip/xc32/v2.20/bin/bin/../../lib/gcc/pic32c/6.2.1/crti.o
                0x00000000000000b0                _init
 .init          0x00000000000000b4        0x8 /Applications/microchip/xc32/v2.20/bin/bin/../../lib/gcc/pic32c/6.2.1/crtn.o
                0x00000000000000bc                . = ALIGN (0x4)
                0x00000000000000bc                __preinit_array_start = .
 *(.preinit_array)
                0x00000000000000bc                __preinit_array_end = .
                0x00000000000000bc                . = ALIGN (0x4)
                0x00000000000000bc                __init_array_start = .
 *(SORT(.init_array.*))
 *(.init_array)
 .init_array    0x00000000000000bc        0x4 /Applications/microchip/xc32/v2.20/bin/bin/../../lib/gcc/pic32c/6.2.1/crtbegin.o
                0x00000000000000c0                __init_array_end = .
                0x00000000000000c0                . = ALIGN (0x4)
 *crtbegin.o(.ctors)
 *(EXCLUDE_FILE(*crtend.o) .ctors)
 *(SORT(.ctors.*))
 *crtend.o(.ctors)
                0x00000000000000c0                . = ALIGN (0x4)
 *(.fini)
 .fini          0x00000000000000c0        0x4 /Applications/microchip/xc32/v2.20/bin/bin/../../lib/gcc/pic32c/6.2.1/crti.o
                0x00000000000000c0                _fini
 .fini          0x00000000000000c4        0x8 /Applications/microchip/xc32/v2.20/bin/bin/../../lib/gcc/pic32c/6.2.1/crtn.o
                0x00000000000000cc                . = ALIGN (0x4)
                0x00000000000000cc                __fini_array_start = .
 *(.fini_array)
 .fini_array    0x00000000000000cc        0x4 /Applications/microchip/xc32/v2.20/bin/bin/../../lib/gcc/pic32c/6.2.1/crtbegin.o
 *(SORT(.fini_array.*))
                0x00000000000000d0                __fini_array_end = .
 *crtbegin.o(.dtors)
 *(EXCLUDE_FILE(*crtend.o) .dtors)
 *(SORT(.dtors.*))
 *crtend.o(.dtors)
                0x00000000000000d0                . = ALIGN (0x4)
                0x00000000000000d0                _efixed = .
                [!provide]                        PROVIDE (__exidx_start, .)

.ARM.exidx      0x00000000000000d0        0x8
 *(.ARM.exidx* .gnu.linkonce.armexidx.*)
 .ARM.exidx     0x00000000000000d0        0x8 /Applications/microchip/xc32/v2.20/bin/bin/../../lib/gcc/pic32c/6.2.1/libgcc.a(_udivmoddi4.o)
                [!provide]                        PROVIDE (__exidx_end, .)
                0x00000000000000d8                . = ALIGN (0x4)
                0x00000000000000d8                _etext = .

.bss            0x0000000020000000        0x0
                0x0000000020000000                . = ALIGN (0x4)
                0x0000000020000000                __bss_start__ = .
                0x0000000020000000                _sbss = .
                0x0000000020000000                _szero = .
 *(COMMON)
                0x0000000020000000                . = ALIGN (0x4)
                0x0000000020000000                __bss_end__ = .
                0x0000000020000000                _ebss = .
                0x0000000020000000                _ezero = .
                0x0000000020000000                . = ALIGN (0x4)
                0x0000000020000000                _end = .
                0x0000000020007fff                _ram_end_ = ((ORIGIN (ram) + LENGTH (ram)) - 0x1)
OUTPUT(dist/default/production/SAMD_MIDI_KNOBS.X.production.elf elf32-littlearm)
LOAD stack
LOAD data_init

.ARM.attributes
                0x0000000000000000       0x28
 .ARM.attributes
                0x0000000000000000       0x1e /Applications/microchip/xc32/v2.20/bin/bin/../../lib/gcc/pic32c/6.2.1/crti.o
 .ARM.attributes
                0x000000000000001e       0x2c /Applications/microchip/xc32/v2.20/bin/bin/../../lib/gcc/pic32c/6.2.1/crtbegin.o
 .ARM.attributes
                0x000000000000004a       0x32 build/default/production/ADC.o
 .ARM.attributes
                0x000000000000007c       0x32 build/default/production/main.o
 .ARM.attributes
                0x00000000000000ae       0x32 build/default/production/SAMD21_TRMNL.o
 .ARM.attributes
                0x00000000000000e0       0x32 build/default/production/samd21ClockSet.o
 .ARM.attributes
                0x0000000000000112       0x32 build/default/production/SERCOM0_UART.o
 .ARM.attributes
                0x0000000000000144       0x32 /var/folders/8p/6ngw28355rbdddp56jdp8yf40000gn/T//ccrcs4nK.o
 .ARM.attributes
                0x0000000000000176       0x2c /Applications/microchip/xc32/v2.20/bin/bin/../../lib/gcc/pic32c/6.2.1/../../../../pic32c/lib/libpic32c.a(data_init.o)
 .ARM.attributes
                0x00000000000001a2       0x1e /Applications/microchip/xc32/v2.20/bin/bin/../../lib/gcc/pic32c/6.2.1/libgcc.a(_aeabi_uldivmod.o)
 .ARM.attributes
                0x00000000000001c0       0x2c /Applications/microchip/xc32/v2.20/bin/bin/../../lib/gcc/pic32c/6.2.1/libgcc.a(_fixunsdfsi.o)
 .ARM.attributes
                0x00000000000001ec       0x2c /Applications/microchip/xc32/v2.20/bin/bin/../../lib/gcc/pic32c/6.2.1/libgcc.a(_udivmoddi4.o)
 .ARM.attributes
                0x0000000000000218       0x2c /Applications/microchip/xc32/v2.20/bin/bin/../../lib/gcc/pic32c/6.2.1/libgcc.a(muldf3.o)
 .ARM.attributes
                0x0000000000000244       0x2c /Applications/microchip/xc32/v2.20/bin/bin/../../lib/gcc/pic32c/6.2.1/libgcc.a(subdf3.o)
 .ARM.attributes
                0x0000000000000270       0x2c /Applications/microchip/xc32/v2.20/bin/bin/../../lib/gcc/pic32c/6.2.1/libgcc.a(fixdfsi.o)
 .ARM.attributes
                0x000000000000029c       0x2c /Applications/microchip/xc32/v2.20/bin/bin/../../lib/gcc/pic32c/6.2.1/libgcc.a(floatsidf.o)
 .ARM.attributes
                0x00000000000002c8       0x1e /Applications/microchip/xc32/v2.20/bin/bin/../../lib/gcc/pic32c/6.2.1/libgcc.a(_thumb1_case_uhi.o)
 .ARM.attributes
                0x00000000000002e6       0x1e /Applications/microchip/xc32/v2.20/bin/bin/../../lib/gcc/pic32c/6.2.1/libgcc.a(_dvmd_tls.o)
 .ARM.attributes
                0x0000000000000304       0x1e /Applications/microchip/xc32/v2.20/bin/bin/../../lib/gcc/pic32c/6.2.1/libgcc.a(_lshrdi3.o)
 .ARM.attributes
                0x0000000000000322       0x1e /Applications/microchip/xc32/v2.20/bin/bin/../../lib/gcc/pic32c/6.2.1/libgcc.a(_ashldi3.o)
 .ARM.attributes
                0x0000000000000340       0x1e /Applications/microchip/xc32/v2.20/bin/bin/../../lib/gcc/pic32c/6.2.1/libgcc.a(_arm_cmpdf2.o)
 .ARM.attributes
                0x000000000000035e       0x1e /Applications/microchip/xc32/v2.20/bin/bin/../../lib/gcc/pic32c/6.2.1/libgcc.a(_clzsi2.o)
 .ARM.attributes
                0x000000000000037c       0x1e /Applications/microchip/xc32/v2.20/bin/bin/../../lib/gcc/pic32c/6.2.1/libgcc.a(_clzdi2.o)
 .ARM.attributes
                0x000000000000039a       0x2c /Applications/microchip/xc32/v2.20/bin/bin/../../lib/gcc/pic32c/6.2.1/libgcc.a(eqdf2.o)
 .ARM.attributes
                0x00000000000003c6       0x2c /Applications/microchip/xc32/v2.20/bin/bin/../../lib/gcc/pic32c/6.2.1/libgcc.a(gedf2.o)
 .ARM.attributes
                0x00000000000003f2       0x2c /Applications/microchip/xc32/v2.20/bin/bin/../../lib/gcc/pic32c/6.2.1/libgcc.a(ledf2.o)
 .ARM.attributes
                0x000000000000041e       0x2c /Applications/microchip/xc32/v2.20/bin/bin/../../lib/gcc/pic32c/6.2.1/../../../../pic32c/lib/libc.a(lib_a-init.o)
 .ARM.attributes
                0x000000000000044a       0x2c /Applications/microchip/xc32/v2.20/bin/bin/../../lib/gcc/pic32c/6.2.1/../../../../pic32c/lib/libc.a(lib_a-itoa.o)
 .ARM.attributes
                0x0000000000000476       0x2c /Applications/microchip/xc32/v2.20/bin/bin/../../lib/gcc/pic32c/6.2.1/../../../../pic32c/lib/libc.a(lib_a-memset.o)
 .ARM.attributes
                0x00000000000004a2       0x1c /Applications/microchip/xc32/v2.20/bin/bin/../../lib/gcc/pic32c/6.2.1/../../../../pic32c/lib/libc.a(lib_a-strlen.o)
 .ARM.attributes
                0x00000000000004be       0x2c /Applications/microchip/xc32/v2.20/bin/bin/../../lib/gcc/pic32c/6.2.1/../../../../pic32c/lib/libc.a(lib_a-utoa.o)
 .ARM.attributes
                0x00000000000004ea       0x2c /Applications/microchip/xc32/v2.20/bin/bin/../../lib/gcc/pic32c/6.2.1/../../../../pic32c/lib/libc.a(lib_a-memcpy-stub.o)
 .ARM.attributes
                0x0000000000000516       0x1e /Applications/microchip/xc32/v2.20/bin/bin/../../lib/gcc/pic32c/6.2.1/libgcc.a(_udivsi3.o)
 .ARM.attributes
                0x0000000000000534       0x2c /Applications/microchip/xc32/v2.20/bin/bin/../../lib/gcc/pic32c/6.2.1/crtend.o
 .ARM.attributes
                0x0000000000000560       0x1e /Applications/microchip/xc32/v2.20/bin/bin/../../lib/gcc/pic32c/6.2.1/crtn.o

.comment        0x0000000000000000       0x3c
 .comment       0x0000000000000000       0x3c /Applications/microchip/xc32/v2.20/bin/bin/../../lib/gcc/pic32c/6.2.1/crtbegin.o
                                         0x3d (size before relaxing)
 .comment       0x000000000000003c       0x3d build/default/production/ADC.o
 .comment       0x000000000000003c       0x3d build/default/production/main.o
 .comment       0x000000000000003c       0x3d build/default/production/SAMD21_TRMNL.o
 .comment       0x000000000000003c       0x3d build/default/production/samd21ClockSet.o
 .comment       0x000000000000003c       0x3d build/default/production/SERCOM0_UART.o
 .comment       0x000000000000003c       0x3d /var/folders/8p/6ngw28355rbdddp56jdp8yf40000gn/T//ccrcs4nK.o
 .comment       0x000000000000003c       0x3d /Applications/microchip/xc32/v2.20/bin/bin/../../lib/gcc/pic32c/6.2.1/../../../../pic32c/lib/libpic32c.a(data_init.o)
 .comment       0x000000000000003c       0x3d /Applications/microchip/xc32/v2.20/bin/bin/../../lib/gcc/pic32c/6.2.1/libgcc.a(_fixunsdfsi.o)
 .comment       0x000000000000003c       0x3d /Applications/microchip/xc32/v2.20/bin/bin/../../lib/gcc/pic32c/6.2.1/libgcc.a(_udivmoddi4.o)
 .comment       0x000000000000003c       0x3d /Applications/microchip/xc32/v2.20/bin/bin/../../lib/gcc/pic32c/6.2.1/libgcc.a(muldf3.o)
 .comment       0x000000000000003c       0x3d /Applications/microchip/xc32/v2.20/bin/bin/../../lib/gcc/pic32c/6.2.1/libgcc.a(subdf3.o)
 .comment       0x000000000000003c       0x3d /Applications/microchip/xc32/v2.20/bin/bin/../../lib/gcc/pic32c/6.2.1/libgcc.a(fixdfsi.o)
 .comment       0x000000000000003c       0x3d /Applications/microchip/xc32/v2.20/bin/bin/../../lib/gcc/pic32c/6.2.1/libgcc.a(floatsidf.o)
 .comment       0x000000000000003c       0x3d /Applications/microchip/xc32/v2.20/bin/bin/../../lib/gcc/pic32c/6.2.1/libgcc.a(eqdf2.o)
 .comment       0x000000000000003c       0x3d /Applications/microchip/xc32/v2.20/bin/bin/../../lib/gcc/pic32c/6.2.1/libgcc.a(gedf2.o)
 .comment       0x000000000000003c       0x3d /Applications/microchip/xc32/v2.20/bin/bin/../../lib/gcc/pic32c/6.2.1/libgcc.a(ledf2.o)
 .comment       0x000000000000003c       0x3d /Applications/microchip/xc32/v2.20/bin/bin/../../lib/gcc/pic32c/6.2.1/../../../../pic32c/lib/libc.a(lib_a-init.o)
 .comment       0x000000000000003c       0x3d /Applications/microchip/xc32/v2.20/bin/bin/../../lib/gcc/pic32c/6.2.1/../../../../pic32c/lib/libc.a(lib_a-itoa.o)
 .comment       0x000000000000003c       0x3d /Applications/microchip/xc32/v2.20/bin/bin/../../lib/gcc/pic32c/6.2.1/../../../../pic32c/lib/libc.a(lib_a-memset.o)
 .comment       0x000000000000003c       0x3d /Applications/microchip/xc32/v2.20/bin/bin/../../lib/gcc/pic32c/6.2.1/../../../../pic32c/lib/libc.a(lib_a-utoa.o)
 .comment       0x000000000000003c       0x3d /Applications/microchip/xc32/v2.20/bin/bin/../../lib/gcc/pic32c/6.2.1/../../../../pic32c/lib/libc.a(lib_a-memcpy-stub.o)
 .comment       0x000000000000003c       0x3d /Applications/microchip/xc32/v2.20/bin/bin/../../lib/gcc/pic32c/6.2.1/crtend.o

.debug_info     0x0000000000000000    0x1663b
 .debug_info    0x0000000000000000     0x2282 build/default/production/ADC.o
 .debug_info    0x0000000000002282      0xe1d build/default/production/main.o
 .debug_info    0x000000000000309f     0x44c2 build/default/production/SAMD21_TRMNL.o
 .debug_info    0x0000000000007561     0x1dcb build/default/production/samd21ClockSet.o
 .debug_info    0x000000000000932c     0x390c build/default/production/SERCOM0_UART.o
 .debug_info    0x000000000000cc38      0x1f0 /Applications/microchip/xc32/v2.20/bin/bin/../../lib/gcc/pic32c/6.2.1/../../../../pic32c/lib/libpic32c.a(data_init.o)
 .debug_info    0x000000000000ce28       0xee /Applications/microchip/xc32/v2.20/bin/bin/../../lib/gcc/pic32c/6.2.1/libgcc.a(_aeabi_uldivmod.o)
 .debug_info    0x000000000000cf16     0x12a0 /Applications/microchip/xc32/v2.20/bin/bin/../../lib/gcc/pic32c/6.2.1/libgcc.a(_fixunsdfsi.o)
 .debug_info    0x000000000000e1b6     0x132c /Applications/microchip/xc32/v2.20/bin/bin/../../lib/gcc/pic32c/6.2.1/libgcc.a(_udivmoddi4.o)
 .debug_info    0x000000000000f4e2      0xa41 /Applications/microchip/xc32/v2.20/bin/bin/../../lib/gcc/pic32c/6.2.1/libgcc.a(muldf3.o)
 .debug_info    0x000000000000ff23      0x7b0 /Applications/microchip/xc32/v2.20/bin/bin/../../lib/gcc/pic32c/6.2.1/libgcc.a(subdf3.o)
 .debug_info    0x00000000000106d3      0x3bc /Applications/microchip/xc32/v2.20/bin/bin/../../lib/gcc/pic32c/6.2.1/libgcc.a(fixdfsi.o)
 .debug_info    0x0000000000010a8f      0x4fc /Applications/microchip/xc32/v2.20/bin/bin/../../lib/gcc/pic32c/6.2.1/libgcc.a(floatsidf.o)
 .debug_info    0x0000000000010f8b       0xee /Applications/microchip/xc32/v2.20/bin/bin/../../lib/gcc/pic32c/6.2.1/libgcc.a(_thumb1_case_uhi.o)
 .debug_info    0x0000000000011079       0xee /Applications/microchip/xc32/v2.20/bin/bin/../../lib/gcc/pic32c/6.2.1/libgcc.a(_dvmd_tls.o)
 .debug_info    0x0000000000011167       0xee /Applications/microchip/xc32/v2.20/bin/bin/../../lib/gcc/pic32c/6.2.1/libgcc.a(_lshrdi3.o)
 .debug_info    0x0000000000011255       0xee /Applications/microchip/xc32/v2.20/bin/bin/../../lib/gcc/pic32c/6.2.1/libgcc.a(_ashldi3.o)
 .debug_info    0x0000000000011343       0xee /Applications/microchip/xc32/v2.20/bin/bin/../../lib/gcc/pic32c/6.2.1/libgcc.a(_arm_cmpdf2.o)
 .debug_info    0x0000000000011431       0xee /Applications/microchip/xc32/v2.20/bin/bin/../../lib/gcc/pic32c/6.2.1/libgcc.a(_clzsi2.o)
 .debug_info    0x000000000001151f       0xee /Applications/microchip/xc32/v2.20/bin/bin/../../lib/gcc/pic32c/6.2.1/libgcc.a(_clzdi2.o)
 .debug_info    0x000000000001160d      0x413 /Applications/microchip/xc32/v2.20/bin/bin/../../lib/gcc/pic32c/6.2.1/libgcc.a(eqdf2.o)
 .debug_info    0x0000000000011a20      0x43f /Applications/microchip/xc32/v2.20/bin/bin/../../lib/gcc/pic32c/6.2.1/libgcc.a(gedf2.o)
 .debug_info    0x0000000000011e5f      0x437 /Applications/microchip/xc32/v2.20/bin/bin/../../lib/gcc/pic32c/6.2.1/libgcc.a(ledf2.o)
 .debug_info    0x0000000000012296      0x354 /Applications/microchip/xc32/v2.20/bin/bin/../../lib/gcc/pic32c/6.2.1/../../../../pic32c/lib/libc.a(lib_a-init.o)
 .debug_info    0x00000000000125ea      0xded /Applications/microchip/xc32/v2.20/bin/bin/../../lib/gcc/pic32c/6.2.1/../../../../pic32c/lib/libc.a(lib_a-itoa.o)
 .debug_info    0x00000000000133d7     0x14a9 /Applications/microchip/xc32/v2.20/bin/bin/../../lib/gcc/pic32c/6.2.1/../../../../pic32c/lib/libc.a(lib_a-memset.o)
 .debug_info    0x0000000000014880      0x112 /Applications/microchip/xc32/v2.20/bin/bin/../../lib/gcc/pic32c/6.2.1/../../../../pic32c/lib/libc.a(lib_a-strlen.o)
 .debug_info    0x0000000000014992      0xe42 /Applications/microchip/xc32/v2.20/bin/bin/../../lib/gcc/pic32c/6.2.1/../../../../pic32c/lib/libc.a(lib_a-utoa.o)
 .debug_info    0x00000000000157d4      0xd79 /Applications/microchip/xc32/v2.20/bin/bin/../../lib/gcc/pic32c/6.2.1/../../../../pic32c/lib/libc.a(lib_a-memcpy-stub.o)
 .debug_info    0x000000000001654d       0xee /Applications/microchip/xc32/v2.20/bin/bin/../../lib/gcc/pic32c/6.2.1/libgcc.a(_udivsi3.o)

.debug_abbrev   0x0000000000000000     0x1c6d
 .debug_abbrev  0x0000000000000000      0x194 build/default/production/ADC.o
 .debug_abbrev  0x0000000000000194      0x1b8 build/default/production/main.o
 .debug_abbrev  0x000000000000034c      0x25f build/default/production/SAMD21_TRMNL.o
 .debug_abbrev  0x00000000000005ab      0x14f build/default/production/samd21ClockSet.o
 .debug_abbrev  0x00000000000006fa      0x1cb build/default/production/SERCOM0_UART.o
 .debug_abbrev  0x00000000000008c5       0x2a /Applications/microchip/xc32/v2.20/bin/bin/../../lib/gcc/pic32c/6.2.1/../../../../pic32c/lib/libpic32c.a(data_init.o)
 .debug_abbrev  0x00000000000008ef       0x14 /Applications/microchip/xc32/v2.20/bin/bin/../../lib/gcc/pic32c/6.2.1/libgcc.a(_aeabi_uldivmod.o)
 .debug_abbrev  0x0000000000000903      0x11b /Applications/microchip/xc32/v2.20/bin/bin/../../lib/gcc/pic32c/6.2.1/libgcc.a(_fixunsdfsi.o)
 .debug_abbrev  0x0000000000000a1e      0x13b /Applications/microchip/xc32/v2.20/bin/bin/../../lib/gcc/pic32c/6.2.1/libgcc.a(_udivmoddi4.o)
 .debug_abbrev  0x0000000000000b59      0x14a /Applications/microchip/xc32/v2.20/bin/bin/../../lib/gcc/pic32c/6.2.1/libgcc.a(muldf3.o)
 .debug_abbrev  0x0000000000000ca3      0x150 /Applications/microchip/xc32/v2.20/bin/bin/../../lib/gcc/pic32c/6.2.1/libgcc.a(subdf3.o)
 .debug_abbrev  0x0000000000000df3      0x12c /Applications/microchip/xc32/v2.20/bin/bin/../../lib/gcc/pic32c/6.2.1/libgcc.a(fixdfsi.o)
 .debug_abbrev  0x0000000000000f1f      0x118 /Applications/microchip/xc32/v2.20/bin/bin/../../lib/gcc/pic32c/6.2.1/libgcc.a(floatsidf.o)
 .debug_abbrev  0x0000000000001037       0x14 /Applications/microchip/xc32/v2.20/bin/bin/../../lib/gcc/pic32c/6.2.1/libgcc.a(_thumb1_case_uhi.o)
 .debug_abbrev  0x000000000000104b       0x14 /Applications/microchip/xc32/v2.20/bin/bin/../../lib/gcc/pic32c/6.2.1/libgcc.a(_dvmd_tls.o)
 .debug_abbrev  0x000000000000105f       0x14 /Applications/microchip/xc32/v2.20/bin/bin/../../lib/gcc/pic32c/6.2.1/libgcc.a(_lshrdi3.o)
 .debug_abbrev  0x0000000000001073       0x14 /Applications/microchip/xc32/v2.20/bin/bin/../../lib/gcc/pic32c/6.2.1/libgcc.a(_ashldi3.o)
 .debug_abbrev  0x0000000000001087       0x14 /Applications/microchip/xc32/v2.20/bin/bin/../../lib/gcc/pic32c/6.2.1/libgcc.a(_arm_cmpdf2.o)
 .debug_abbrev  0x000000000000109b       0x14 /Applications/microchip/xc32/v2.20/bin/bin/../../lib/gcc/pic32c/6.2.1/libgcc.a(_clzsi2.o)
 .debug_abbrev  0x00000000000010af       0x14 /Applications/microchip/xc32/v2.20/bin/bin/../../lib/gcc/pic32c/6.2.1/libgcc.a(_clzdi2.o)
 .debug_abbrev  0x00000000000010c3      0x128 /Applications/microchip/xc32/v2.20/bin/bin/../../lib/gcc/pic32c/6.2.1/libgcc.a(eqdf2.o)
 .debug_abbrev  0x00000000000011eb      0x135 /Applications/microchip/xc32/v2.20/bin/bin/../../lib/gcc/pic32c/6.2.1/libgcc.a(gedf2.o)
 .debug_abbrev  0x0000000000001320      0x12a /Applications/microchip/xc32/v2.20/bin/bin/../../lib/gcc/pic32c/6.2.1/libgcc.a(ledf2.o)
 .debug_abbrev  0x000000000000144a       0xa3 /Applications/microchip/xc32/v2.20/bin/bin/../../lib/gcc/pic32c/6.2.1/../../../../pic32c/lib/libc.a(lib_a-init.o)
 .debug_abbrev  0x00000000000014ed      0x1e3 /Applications/microchip/xc32/v2.20/bin/bin/../../lib/gcc/pic32c/6.2.1/../../../../pic32c/lib/libc.a(lib_a-itoa.o)
 .debug_abbrev  0x00000000000016d0      0x1b5 /Applications/microchip/xc32/v2.20/bin/bin/../../lib/gcc/pic32c/6.2.1/../../../../pic32c/lib/libc.a(lib_a-memset.o)
 .debug_abbrev  0x0000000000001885       0x14 /Applications/microchip/xc32/v2.20/bin/bin/../../lib/gcc/pic32c/6.2.1/../../../../pic32c/lib/libc.a(lib_a-strlen.o)
 .debug_abbrev  0x0000000000001899      0x1ff /Applications/microchip/xc32/v2.20/bin/bin/../../lib/gcc/pic32c/6.2.1/../../../../pic32c/lib/libc.a(lib_a-utoa.o)
 .debug_abbrev  0x0000000000001a98      0x1c1 /Applications/microchip/xc32/v2.20/bin/bin/../../lib/gcc/pic32c/6.2.1/../../../../pic32c/lib/libc.a(lib_a-memcpy-stub.o)
 .debug_abbrev  0x0000000000001c59       0x14 /Applications/microchip/xc32/v2.20/bin/bin/../../lib/gcc/pic32c/6.2.1/libgcc.a(_udivsi3.o)

.debug_loc      0x0000000000000000     0x37cc
 .debug_loc     0x0000000000000000       0x9c build/default/production/ADC.o
 .debug_loc     0x000000000000009c       0x58 build/default/production/main.o
 .debug_loc     0x00000000000000f4      0x150 build/default/production/SAMD21_TRMNL.o
 .debug_loc     0x0000000000000244       0x38 build/default/production/samd21ClockSet.o
 .debug_loc     0x000000000000027c      0x100 build/default/production/SERCOM0_UART.o
 .debug_loc     0x000000000000037c       0x14 /Applications/microchip/xc32/v2.20/bin/bin/../../lib/gcc/pic32c/6.2.1/../../../../pic32c/lib/libpic32c.a(data_init.o)
 .debug_loc     0x0000000000000390       0x49 /Applications/microchip/xc32/v2.20/bin/bin/../../lib/gcc/pic32c/6.2.1/libgcc.a(_fixunsdfsi.o)
 .debug_loc     0x00000000000003d9      0x29d /Applications/microchip/xc32/v2.20/bin/bin/../../lib/gcc/pic32c/6.2.1/libgcc.a(_udivmoddi4.o)
 .debug_loc     0x0000000000000676      0xfde /Applications/microchip/xc32/v2.20/bin/bin/../../lib/gcc/pic32c/6.2.1/libgcc.a(muldf3.o)
 .debug_loc     0x0000000000001654     0x136f /Applications/microchip/xc32/v2.20/bin/bin/../../lib/gcc/pic32c/6.2.1/libgcc.a(subdf3.o)
 .debug_loc     0x00000000000029c3      0x131 /Applications/microchip/xc32/v2.20/bin/bin/../../lib/gcc/pic32c/6.2.1/libgcc.a(fixdfsi.o)
 .debug_loc     0x0000000000002af4      0x1c1 /Applications/microchip/xc32/v2.20/bin/bin/../../lib/gcc/pic32c/6.2.1/libgcc.a(floatsidf.o)
 .debug_loc     0x0000000000002cb5      0x120 /Applications/microchip/xc32/v2.20/bin/bin/../../lib/gcc/pic32c/6.2.1/libgcc.a(eqdf2.o)
 .debug_loc     0x0000000000002dd5      0x26c /Applications/microchip/xc32/v2.20/bin/bin/../../lib/gcc/pic32c/6.2.1/libgcc.a(gedf2.o)
 .debug_loc     0x0000000000003041      0x1d5 /Applications/microchip/xc32/v2.20/bin/bin/../../lib/gcc/pic32c/6.2.1/libgcc.a(ledf2.o)
 .debug_loc     0x0000000000003216       0x72 /Applications/microchip/xc32/v2.20/bin/bin/../../lib/gcc/pic32c/6.2.1/../../../../pic32c/lib/libc.a(lib_a-init.o)
 .debug_loc     0x0000000000003288      0x1db /Applications/microchip/xc32/v2.20/bin/bin/../../lib/gcc/pic32c/6.2.1/../../../../pic32c/lib/libc.a(lib_a-itoa.o)
 .debug_loc     0x0000000000003463       0x72 /Applications/microchip/xc32/v2.20/bin/bin/../../lib/gcc/pic32c/6.2.1/../../../../pic32c/lib/libc.a(lib_a-memset.o)
 .debug_loc     0x00000000000034d5      0x219 /Applications/microchip/xc32/v2.20/bin/bin/../../lib/gcc/pic32c/6.2.1/../../../../pic32c/lib/libc.a(lib_a-utoa.o)
 .debug_loc     0x00000000000036ee       0xde /Applications/microchip/xc32/v2.20/bin/bin/../../lib/gcc/pic32c/6.2.1/../../../../pic32c/lib/libc.a(lib_a-memcpy-stub.o)

.debug_aranges  0x0000000000000000      0x3d0
 .debug_aranges
                0x0000000000000000       0x20 build/default/production/ADC.o
 .debug_aranges
                0x0000000000000020       0x20 build/default/production/main.o
 .debug_aranges
                0x0000000000000040       0x20 build/default/production/SAMD21_TRMNL.o
 .debug_aranges
                0x0000000000000060       0x20 build/default/production/samd21ClockSet.o
 .debug_aranges
                0x0000000000000080       0x20 build/default/production/SERCOM0_UART.o
 .debug_aranges
                0x00000000000000a0       0x20 /Applications/microchip/xc32/v2.20/bin/bin/../../lib/gcc/pic32c/6.2.1/../../../../pic32c/lib/libpic32c.a(data_init.o)
 .debug_aranges
                0x00000000000000c0       0x20 /Applications/microchip/xc32/v2.20/bin/bin/../../lib/gcc/pic32c/6.2.1/libgcc.a(_aeabi_uldivmod.o)
 .debug_aranges
                0x00000000000000e0       0x20 /Applications/microchip/xc32/v2.20/bin/bin/../../lib/gcc/pic32c/6.2.1/libgcc.a(_fixunsdfsi.o)
 .debug_aranges
                0x0000000000000100       0x20 /Applications/microchip/xc32/v2.20/bin/bin/../../lib/gcc/pic32c/6.2.1/libgcc.a(_udivmoddi4.o)
 .debug_aranges
                0x0000000000000120       0x20 /Applications/microchip/xc32/v2.20/bin/bin/../../lib/gcc/pic32c/6.2.1/libgcc.a(muldf3.o)
 .debug_aranges
                0x0000000000000140       0x20 /Applications/microchip/xc32/v2.20/bin/bin/../../lib/gcc/pic32c/6.2.1/libgcc.a(subdf3.o)
 .debug_aranges
                0x0000000000000160       0x20 /Applications/microchip/xc32/v2.20/bin/bin/../../lib/gcc/pic32c/6.2.1/libgcc.a(fixdfsi.o)
 .debug_aranges
                0x0000000000000180       0x20 /Applications/microchip/xc32/v2.20/bin/bin/../../lib/gcc/pic32c/6.2.1/libgcc.a(floatsidf.o)
 .debug_aranges
                0x00000000000001a0       0x20 /Applications/microchip/xc32/v2.20/bin/bin/../../lib/gcc/pic32c/6.2.1/libgcc.a(_thumb1_case_uhi.o)
 .debug_aranges
                0x00000000000001c0       0x20 /Applications/microchip/xc32/v2.20/bin/bin/../../lib/gcc/pic32c/6.2.1/libgcc.a(_dvmd_tls.o)
 .debug_aranges
                0x00000000000001e0       0x20 /Applications/microchip/xc32/v2.20/bin/bin/../../lib/gcc/pic32c/6.2.1/libgcc.a(_lshrdi3.o)
 .debug_aranges
                0x0000000000000200       0x20 /Applications/microchip/xc32/v2.20/bin/bin/../../lib/gcc/pic32c/6.2.1/libgcc.a(_ashldi3.o)
 .debug_aranges
                0x0000000000000220       0x20 /Applications/microchip/xc32/v2.20/bin/bin/../../lib/gcc/pic32c/6.2.1/libgcc.a(_arm_cmpdf2.o)
 .debug_aranges
                0x0000000000000240       0x20 /Applications/microchip/xc32/v2.20/bin/bin/../../lib/gcc/pic32c/6.2.1/libgcc.a(_clzsi2.o)
 .debug_aranges
                0x0000000000000260       0x20 /Applications/microchip/xc32/v2.20/bin/bin/../../lib/gcc/pic32c/6.2.1/libgcc.a(_clzdi2.o)
 .debug_aranges
                0x0000000000000280       0x20 /Applications/microchip/xc32/v2.20/bin/bin/../../lib/gcc/pic32c/6.2.1/libgcc.a(eqdf2.o)
 .debug_aranges
                0x00000000000002a0       0x20 /Applications/microchip/xc32/v2.20/bin/bin/../../lib/gcc/pic32c/6.2.1/libgcc.a(gedf2.o)
 .debug_aranges
                0x00000000000002c0       0x20 /Applications/microchip/xc32/v2.20/bin/bin/../../lib/gcc/pic32c/6.2.1/libgcc.a(ledf2.o)
 .debug_aranges
                0x00000000000002e0       0x20 /Applications/microchip/xc32/v2.20/bin/bin/../../lib/gcc/pic32c/6.2.1/../../../../pic32c/lib/libc.a(lib_a-init.o)
 .debug_aranges
                0x0000000000000300       0x28 /Applications/microchip/xc32/v2.20/bin/bin/../../lib/gcc/pic32c/6.2.1/../../../../pic32c/lib/libc.a(lib_a-itoa.o)
 .debug_aranges
                0x0000000000000328       0x20 /Applications/microchip/xc32/v2.20/bin/bin/../../lib/gcc/pic32c/6.2.1/../../../../pic32c/lib/libc.a(lib_a-memset.o)
 .debug_aranges
                0x0000000000000348       0x20 /Applications/microchip/xc32/v2.20/bin/bin/../../lib/gcc/pic32c/6.2.1/../../../../pic32c/lib/libc.a(lib_a-strlen.o)
 .debug_aranges
                0x0000000000000368       0x28 /Applications/microchip/xc32/v2.20/bin/bin/../../lib/gcc/pic32c/6.2.1/../../../../pic32c/lib/libc.a(lib_a-utoa.o)
 .debug_aranges
                0x0000000000000390       0x20 /Applications/microchip/xc32/v2.20/bin/bin/../../lib/gcc/pic32c/6.2.1/../../../../pic32c/lib/libc.a(lib_a-memcpy-stub.o)
 .debug_aranges
                0x00000000000003b0       0x20 /Applications/microchip/xc32/v2.20/bin/bin/../../lib/gcc/pic32c/6.2.1/libgcc.a(_udivsi3.o)

.debug_line     0x0000000000000000     0x2a66
 .debug_line    0x0000000000000000      0x1bd build/default/production/ADC.o
 .debug_line    0x00000000000001bd      0x1dd build/default/production/main.o
 .debug_line    0x000000000000039a      0x289 build/default/production/SAMD21_TRMNL.o
 .debug_line    0x0000000000000623      0x1c6 build/default/production/samd21ClockSet.o
 .debug_line    0x00000000000007e9      0x1e6 build/default/production/SERCOM0_UART.o
 .debug_line    0x00000000000009cf       0xe3 /Applications/microchip/xc32/v2.20/bin/bin/../../lib/gcc/pic32c/6.2.1/../../../../pic32c/lib/libpic32c.a(data_init.o)
 .debug_line    0x0000000000000ab2       0xa7 /Applications/microchip/xc32/v2.20/bin/bin/../../lib/gcc/pic32c/6.2.1/libgcc.a(_aeabi_uldivmod.o)
 .debug_line    0x0000000000000b59      0x28c /Applications/microchip/xc32/v2.20/bin/bin/../../lib/gcc/pic32c/6.2.1/libgcc.a(_fixunsdfsi.o)
 .debug_line    0x0000000000000de5      0x2b2 /Applications/microchip/xc32/v2.20/bin/bin/../../lib/gcc/pic32c/6.2.1/libgcc.a(_udivmoddi4.o)
 .debug_line    0x0000000000001097      0x182 /Applications/microchip/xc32/v2.20/bin/bin/../../lib/gcc/pic32c/6.2.1/libgcc.a(muldf3.o)
 .debug_line    0x0000000000001219      0x1cd /Applications/microchip/xc32/v2.20/bin/bin/../../lib/gcc/pic32c/6.2.1/libgcc.a(subdf3.o)
 .debug_line    0x00000000000013e6      0x12f /Applications/microchip/xc32/v2.20/bin/bin/../../lib/gcc/pic32c/6.2.1/libgcc.a(fixdfsi.o)
 .debug_line    0x0000000000001515      0x12a /Applications/microchip/xc32/v2.20/bin/bin/../../lib/gcc/pic32c/6.2.1/libgcc.a(floatsidf.o)
 .debug_line    0x000000000000163f       0xa5 /Applications/microchip/xc32/v2.20/bin/bin/../../lib/gcc/pic32c/6.2.1/libgcc.a(_thumb1_case_uhi.o)
 .debug_line    0x00000000000016e4       0x9c /Applications/microchip/xc32/v2.20/bin/bin/../../lib/gcc/pic32c/6.2.1/libgcc.a(_dvmd_tls.o)
 .debug_line    0x0000000000001780       0xa7 /Applications/microchip/xc32/v2.20/bin/bin/../../lib/gcc/pic32c/6.2.1/libgcc.a(_lshrdi3.o)
 .debug_line    0x0000000000001827       0xa7 /Applications/microchip/xc32/v2.20/bin/bin/../../lib/gcc/pic32c/6.2.1/libgcc.a(_ashldi3.o)
 .debug_line    0x00000000000018ce       0xb4 /Applications/microchip/xc32/v2.20/bin/bin/../../lib/gcc/pic32c/6.2.1/libgcc.a(_arm_cmpdf2.o)
 .debug_line    0x0000000000001982       0xb0 /Applications/microchip/xc32/v2.20/bin/bin/../../lib/gcc/pic32c/6.2.1/libgcc.a(_clzsi2.o)
 .debug_line    0x0000000000001a32       0xa6 /Applications/microchip/xc32/v2.20/bin/bin/../../lib/gcc/pic32c/6.2.1/libgcc.a(_clzdi2.o)
 .debug_line    0x0000000000001ad8      0x14c /Applications/microchip/xc32/v2.20/bin/bin/../../lib/gcc/pic32c/6.2.1/libgcc.a(eqdf2.o)
 .debug_line    0x0000000000001c24      0x14c /Applications/microchip/xc32/v2.20/bin/bin/../../lib/gcc/pic32c/6.2.1/libgcc.a(gedf2.o)
 .debug_line    0x0000000000001d70      0x14f /Applications/microchip/xc32/v2.20/bin/bin/../../lib/gcc/pic32c/6.2.1/libgcc.a(ledf2.o)
 .debug_line    0x0000000000001ebf      0x118 /Applications/microchip/xc32/v2.20/bin/bin/../../lib/gcc/pic32c/6.2.1/../../../../pic32c/lib/libc.a(lib_a-init.o)
 .debug_line    0x0000000000001fd7      0x226 /Applications/microchip/xc32/v2.20/bin/bin/../../lib/gcc/pic32c/6.2.1/../../../../pic32c/lib/libc.a(lib_a-itoa.o)
 .debug_line    0x00000000000021fd      0x2ad /Applications/microchip/xc32/v2.20/bin/bin/../../lib/gcc/pic32c/6.2.1/../../../../pic32c/lib/libc.a(lib_a-memset.o)
 .debug_line    0x00000000000024aa       0xb1 /Applications/microchip/xc32/v2.20/bin/bin/../../lib/gcc/pic32c/6.2.1/../../../../pic32c/lib/libc.a(lib_a-strlen.o)
 .debug_line    0x000000000000255b      0x23c /Applications/microchip/xc32/v2.20/bin/bin/../../lib/gcc/pic32c/6.2.1/../../../../pic32c/lib/libc.a(lib_a-utoa.o)
 .debug_line    0x0000000000002797      0x21c /Applications/microchip/xc32/v2.20/bin/bin/../../lib/gcc/pic32c/6.2.1/../../../../pic32c/lib/libc.a(lib_a-memcpy-stub.o)
 .debug_line    0x00000000000029b3       0xb3 /Applications/microchip/xc32/v2.20/bin/bin/../../lib/gcc/pic32c/6.2.1/libgcc.a(_udivsi3.o)

.debug_str      0x0000000000000000      0x5ce
 .debug_str     0x0000000000000000       0x87 build/default/production/ADC.o
 .debug_str     0x0000000000000087        0xe build/default/production/main.o
 .debug_str     0x0000000000000095      0x103 build/default/production/SAMD21_TRMNL.o
 .debug_str     0x0000000000000198       0xf7 build/default/production/samd21ClockSet.o
 .debug_str     0x000000000000028f       0xf5 build/default/production/SERCOM0_UART.o
 .debug_str     0x0000000000000384        0x0 /Applications/microchip/xc32/v2.20/bin/bin/../../lib/gcc/pic32c/6.2.1/../../../../pic32c/lib/libpic32c.a(data_init.o)
 .debug_str     0x0000000000000384        0x0 /Applications/microchip/xc32/v2.20/bin/bin/../../lib/gcc/pic32c/6.2.1/libgcc.a(_fixunsdfsi.o)
 .debug_str     0x0000000000000384        0x0 /Applications/microchip/xc32/v2.20/bin/bin/../../lib/gcc/pic32c/6.2.1/libgcc.a(_udivmoddi4.o)
 .debug_str     0x0000000000000384       0x56 /Applications/microchip/xc32/v2.20/bin/bin/../../lib/gcc/pic32c/6.2.1/libgcc.a(muldf3.o)
 .debug_str     0x00000000000003da       0x2c /Applications/microchip/xc32/v2.20/bin/bin/../../lib/gcc/pic32c/6.2.1/libgcc.a(subdf3.o)
 .debug_str     0x0000000000000406       0x13 /Applications/microchip/xc32/v2.20/bin/bin/../../lib/gcc/pic32c/6.2.1/libgcc.a(fixdfsi.o)
 .debug_str     0x0000000000000419        0x0 /Applications/microchip/xc32/v2.20/bin/bin/../../lib/gcc/pic32c/6.2.1/libgcc.a(floatsidf.o)
 .debug_str     0x0000000000000419       0x26 /Applications/microchip/xc32/v2.20/bin/bin/../../lib/gcc/pic32c/6.2.1/libgcc.a(eqdf2.o)
 .debug_str     0x000000000000043f       0x26 /Applications/microchip/xc32/v2.20/bin/bin/../../lib/gcc/pic32c/6.2.1/libgcc.a(gedf2.o)
 .debug_str     0x0000000000000465       0x26 /Applications/microchip/xc32/v2.20/bin/bin/../../lib/gcc/pic32c/6.2.1/libgcc.a(ledf2.o)
 .debug_str     0x000000000000048b        0x0 /Applications/microchip/xc32/v2.20/bin/bin/../../lib/gcc/pic32c/6.2.1/../../../../pic32c/lib/libc.a(lib_a-init.o)
 .debug_str     0x000000000000048b        0xe /Applications/microchip/xc32/v2.20/bin/bin/../../lib/gcc/pic32c/6.2.1/../../../../pic32c/lib/libc.a(lib_a-itoa.o)
 .debug_str     0x0000000000000499      0x119 /Applications/microchip/xc32/v2.20/bin/bin/../../lib/gcc/pic32c/6.2.1/../../../../pic32c/lib/libc.a(lib_a-memset.o)
 .debug_str     0x00000000000005b2        0xe /Applications/microchip/xc32/v2.20/bin/bin/../../lib/gcc/pic32c/6.2.1/../../../../pic32c/lib/libc.a(lib_a-utoa.o)
 .debug_str     0x00000000000005c0        0xe /Applications/microchip/xc32/v2.20/bin/bin/../../lib/gcc/pic32c/6.2.1/../../../../pic32c/lib/libc.a(lib_a-memcpy-stub.o)

.debug_frame    0x0000000000000000      0x564
 .debug_frame   0x0000000000000000       0x70 build/default/production/ADC.o
 .debug_frame   0x0000000000000070       0x4c build/default/production/main.o
 .debug_frame   0x00000000000000bc       0xd4 build/default/production/SAMD21_TRMNL.o
 .debug_frame   0x0000000000000190       0x30 build/default/production/samd21ClockSet.o
 .debug_frame   0x00000000000001c0       0xac build/default/production/SERCOM0_UART.o
 .debug_frame   0x000000000000026c       0x2c /Applications/microchip/xc32/v2.20/bin/bin/../../lib/gcc/pic32c/6.2.1/../../../../pic32c/lib/libpic32c.a(data_init.o)
 .debug_frame   0x0000000000000298       0x2c /Applications/microchip/xc32/v2.20/bin/bin/../../lib/gcc/pic32c/6.2.1/libgcc.a(_fixunsdfsi.o)
 .debug_frame   0x00000000000002c4       0x30 /Applications/microchip/xc32/v2.20/bin/bin/../../lib/gcc/pic32c/6.2.1/libgcc.a(_udivmoddi4.o)
 .debug_frame   0x00000000000002f4       0x30 /Applications/microchip/xc32/v2.20/bin/bin/../../lib/gcc/pic32c/6.2.1/libgcc.a(muldf3.o)
 .debug_frame   0x0000000000000324       0x34 /Applications/microchip/xc32/v2.20/bin/bin/../../lib/gcc/pic32c/6.2.1/libgcc.a(subdf3.o)
 .debug_frame   0x0000000000000358       0x2c /Applications/microchip/xc32/v2.20/bin/bin/../../lib/gcc/pic32c/6.2.1/libgcc.a(fixdfsi.o)
 .debug_frame   0x0000000000000384       0x30 /Applications/microchip/xc32/v2.20/bin/bin/../../lib/gcc/pic32c/6.2.1/libgcc.a(floatsidf.o)
 .debug_frame   0x00000000000003b4       0x30 /Applications/microchip/xc32/v2.20/bin/bin/../../lib/gcc/pic32c/6.2.1/libgcc.a(eqdf2.o)
 .debug_frame   0x00000000000003e4       0x34 /Applications/microchip/xc32/v2.20/bin/bin/../../lib/gcc/pic32c/6.2.1/libgcc.a(gedf2.o)
 .debug_frame   0x0000000000000418       0x30 /Applications/microchip/xc32/v2.20/bin/bin/../../lib/gcc/pic32c/6.2.1/libgcc.a(ledf2.o)
 .debug_frame   0x0000000000000448       0x2c /Applications/microchip/xc32/v2.20/bin/bin/../../lib/gcc/pic32c/6.2.1/../../../../pic32c/lib/libc.a(lib_a-init.o)
 .debug_frame   0x0000000000000474       0x40 /Applications/microchip/xc32/v2.20/bin/bin/../../lib/gcc/pic32c/6.2.1/../../../../pic32c/lib/libc.a(lib_a-itoa.o)
 .debug_frame   0x00000000000004b4       0x20 /Applications/microchip/xc32/v2.20/bin/bin/../../lib/gcc/pic32c/6.2.1/../../../../pic32c/lib/libc.a(lib_a-memset.o)
 .debug_frame   0x00000000000004d4       0x48 /Applications/microchip/xc32/v2.20/bin/bin/../../lib/gcc/pic32c/6.2.1/../../../../pic32c/lib/libc.a(lib_a-utoa.o)
 .debug_frame   0x000000000000051c       0x28 /Applications/microchip/xc32/v2.20/bin/bin/../../lib/gcc/pic32c/6.2.1/../../../../pic32c/lib/libc.a(lib_a-memcpy-stub.o)
 .debug_frame   0x0000000000000544       0x20 /Applications/microchip/xc32/v2.20/bin/bin/../../lib/gcc/pic32c/6.2.1/libgcc.a(_udivsi3.o)

.debug_ranges   0x0000000000000000      0x528
 .debug_ranges  0x0000000000000000       0x10 /Applications/microchip/xc32/v2.20/bin/bin/../../lib/gcc/pic32c/6.2.1/../../../../pic32c/lib/libpic32c.a(data_init.o)
 .debug_ranges  0x0000000000000010      0x1d0 /Applications/microchip/xc32/v2.20/bin/bin/../../lib/gcc/pic32c/6.2.1/libgcc.a(muldf3.o)
 .debug_ranges  0x00000000000001e0      0x1b8 /Applications/microchip/xc32/v2.20/bin/bin/../../lib/gcc/pic32c/6.2.1/libgcc.a(subdf3.o)
 .debug_ranges  0x0000000000000398       0x18 /Applications/microchip/xc32/v2.20/bin/bin/../../lib/gcc/pic32c/6.2.1/libgcc.a(fixdfsi.o)
 .debug_ranges  0x00000000000003b0       0x50 /Applications/microchip/xc32/v2.20/bin/bin/../../lib/gcc/pic32c/6.2.1/libgcc.a(floatsidf.o)
 .debug_ranges  0x0000000000000400       0x50 /Applications/microchip/xc32/v2.20/bin/bin/../../lib/gcc/pic32c/6.2.1/libgcc.a(eqdf2.o)
 .debug_ranges  0x0000000000000450       0x30 /Applications/microchip/xc32/v2.20/bin/bin/../../lib/gcc/pic32c/6.2.1/libgcc.a(gedf2.o)
 .debug_ranges  0x0000000000000480       0x48 /Applications/microchip/xc32/v2.20/bin/bin/../../lib/gcc/pic32c/6.2.1/libgcc.a(ledf2.o)
 .debug_ranges  0x00000000000004c8       0x10 /Applications/microchip/xc32/v2.20/bin/bin/../../lib/gcc/pic32c/6.2.1/../../../../pic32c/lib/libc.a(lib_a-init.o)
 .debug_ranges  0x00000000000004d8       0x18 /Applications/microchip/xc32/v2.20/bin/bin/../../lib/gcc/pic32c/6.2.1/../../../../pic32c/lib/libc.a(lib_a-itoa.o)
 .debug_ranges  0x00000000000004f0       0x10 /Applications/microchip/xc32/v2.20/bin/bin/../../lib/gcc/pic32c/6.2.1/../../../../pic32c/lib/libc.a(lib_a-memset.o)
 .debug_ranges  0x0000000000000500       0x18 /Applications/microchip/xc32/v2.20/bin/bin/../../lib/gcc/pic32c/6.2.1/../../../../pic32c/lib/libc.a(lib_a-utoa.o)
 .debug_ranges  0x0000000000000518       0x10 /Applications/microchip/xc32/v2.20/bin/bin/../../lib/gcc/pic32c/6.2.1/../../../../pic32c/lib/libc.a(lib_a-memcpy-stub.o)

.stack          0x0000000020000058      0x100
 .stack         0x0000000020000058      0x100 stack

.bss%1          0x0000000020000000       0x1c
 .bss           0x0000000020000000       0x1c /Applications/microchip/xc32/v2.20/bin/bin/../../lib/gcc/pic32c/6.2.1/crtbegin.o

.data%2         0x000000002000001c        0x4
 .data          0x000000002000001c        0x4 /Applications/microchip/xc32/v2.20/bin/bin/../../lib/gcc/pic32c/6.2.1/crtbegin.o
                0x000000002000001c                __dso_handle

.bss%3          0x0000000020000020        0x4
 .bss           0x0000000020000020        0x4 build/default/production/main.o
                0x0000000020000020                dir1
                0x0000000020000021                dir2
                0x0000000020000022                prev_dir1
                0x0000000020000023                prev_dir2

.eh_frame%4     0x0000000020000024        0x4
 .eh_frame      0x0000000020000024        0x4 /Applications/microchip/xc32/v2.20/bin/bin/../../lib/gcc/pic32c/6.2.1/crtend.o

.bss%z1         0x0000000000000000        0x0
 .bss           0x0000000000000000        0x0 /Applications/microchip/xc32/v2.20/bin/bin/../../lib/gcc/pic32c/6.2.1/crtn.o

.data%z2        0x0000000000000000        0x0
 .data          0x0000000000000000        0x0 /Applications/microchip/xc32/v2.20/bin/bin/../../lib/gcc/pic32c/6.2.1/crtn.o

.bss%z3         0x0000000000000000        0x0
 .bss           0x0000000000000000        0x0 /Applications/microchip/xc32/v2.20/bin/bin/../../lib/gcc/pic32c/6.2.1/crtend.o

.data%z4        0x0000000000000000        0x0
 .data          0x0000000000000000        0x0 /Applications/microchip/xc32/v2.20/bin/bin/../../lib/gcc/pic32c/6.2.1/crtend.o

.bss%z5         0x0000000000000000        0x0
 .bss           0x0000000000000000        0x0 /Applications/microchip/xc32/v2.20/bin/bin/../../lib/gcc/pic32c/6.2.1/libgcc.a(_udivsi3.o)

.data%z6        0x0000000000000000        0x0
 .data          0x0000000000000000        0x0 /Applications/microchip/xc32/v2.20/bin/bin/../../lib/gcc/pic32c/6.2.1/libgcc.a(_udivsi3.o)

.bss%z7         0x0000000000000000        0x0
 .bss           0x0000000000000000        0x0 /Applications/microchip/xc32/v2.20/bin/bin/../../lib/gcc/pic32c/6.2.1/../../../../pic32c/lib/libc.a(lib_a-memcpy-stub.o)

.data%z8        0x0000000000000000        0x0
 .data          0x0000000000000000        0x0 /Applications/microchip/xc32/v2.20/bin/bin/../../lib/gcc/pic32c/6.2.1/../../../../pic32c/lib/libc.a(lib_a-memcpy-stub.o)

.bss%z9         0x0000000000000000        0x0
 .bss           0x0000000000000000        0x0 /Applications/microchip/xc32/v2.20/bin/bin/../../lib/gcc/pic32c/6.2.1/../../../../pic32c/lib/libc.a(lib_a-utoa.o)

.data%z10       0x0000000000000000        0x0
 .data          0x0000000000000000        0x0 /Applications/microchip/xc32/v2.20/bin/bin/../../lib/gcc/pic32c/6.2.1/../../../../pic32c/lib/libc.a(lib_a-utoa.o)

.bss%z11        0x0000000000000000        0x0
 .bss           0x0000000000000000        0x0 /Applications/microchip/xc32/v2.20/bin/bin/../../lib/gcc/pic32c/6.2.1/../../../../pic32c/lib/libc.a(lib_a-strlen.o)

.data%z12       0x0000000000000000        0x0
 .data          0x0000000000000000        0x0 /Applications/microchip/xc32/v2.20/bin/bin/../../lib/gcc/pic32c/6.2.1/../../../../pic32c/lib/libc.a(lib_a-strlen.o)

.bss%z13        0x0000000000000000        0x0
 .bss           0x0000000000000000        0x0 /Applications/microchip/xc32/v2.20/bin/bin/../../lib/gcc/pic32c/6.2.1/../../../../pic32c/lib/libc.a(lib_a-memset.o)

.data%z14       0x0000000000000000        0x0
 .data          0x0000000000000000        0x0 /Applications/microchip/xc32/v2.20/bin/bin/../../lib/gcc/pic32c/6.2.1/../../../../pic32c/lib/libc.a(lib_a-memset.o)

.bss%z15        0x0000000000000000        0x0
 .bss           0x0000000000000000        0x0 /Applications/microchip/xc32/v2.20/bin/bin/../../lib/gcc/pic32c/6.2.1/../../../../pic32c/lib/libc.a(lib_a-itoa.o)

.data%z16       0x0000000000000000        0x0
 .data          0x0000000000000000        0x0 /Applications/microchip/xc32/v2.20/bin/bin/../../lib/gcc/pic32c/6.2.1/../../../../pic32c/lib/libc.a(lib_a-itoa.o)

.bss%z17        0x0000000000000000        0x0
 .bss           0x0000000000000000        0x0 /Applications/microchip/xc32/v2.20/bin/bin/../../lib/gcc/pic32c/6.2.1/../../../../pic32c/lib/libc.a(lib_a-init.o)

.data%z18       0x0000000000000000        0x0
 .data          0x0000000000000000        0x0 /Applications/microchip/xc32/v2.20/bin/bin/../../lib/gcc/pic32c/6.2.1/../../../../pic32c/lib/libc.a(lib_a-init.o)

.bss%z19        0x0000000000000000        0x0
 .bss           0x0000000000000000        0x0 /Applications/microchip/xc32/v2.20/bin/bin/../../lib/gcc/pic32c/6.2.1/libgcc.a(ledf2.o)

.data%z20       0x0000000000000000        0x0
 .data          0x0000000000000000        0x0 /Applications/microchip/xc32/v2.20/bin/bin/../../lib/gcc/pic32c/6.2.1/libgcc.a(ledf2.o)

.bss%z21        0x0000000000000000        0x0
 .bss           0x0000000000000000        0x0 /Applications/microchip/xc32/v2.20/bin/bin/../../lib/gcc/pic32c/6.2.1/libgcc.a(gedf2.o)

.data%z22       0x0000000000000000        0x0
 .data          0x0000000000000000        0x0 /Applications/microchip/xc32/v2.20/bin/bin/../../lib/gcc/pic32c/6.2.1/libgcc.a(gedf2.o)

.bss%z23        0x0000000000000000        0x0
 .bss           0x0000000000000000        0x0 /Applications/microchip/xc32/v2.20/bin/bin/../../lib/gcc/pic32c/6.2.1/libgcc.a(eqdf2.o)

.data%z24       0x0000000000000000        0x0
 .data          0x0000000000000000        0x0 /Applications/microchip/xc32/v2.20/bin/bin/../../lib/gcc/pic32c/6.2.1/libgcc.a(eqdf2.o)

.bss%z25        0x0000000000000000        0x0
 .bss           0x0000000000000000        0x0 /Applications/microchip/xc32/v2.20/bin/bin/../../lib/gcc/pic32c/6.2.1/libgcc.a(_clzdi2.o)

.data%z26       0x0000000000000000        0x0
 .data          0x0000000000000000        0x0 /Applications/microchip/xc32/v2.20/bin/bin/../../lib/gcc/pic32c/6.2.1/libgcc.a(_clzdi2.o)

.bss%z27        0x0000000000000000        0x0
 .bss           0x0000000000000000        0x0 /Applications/microchip/xc32/v2.20/bin/bin/../../lib/gcc/pic32c/6.2.1/libgcc.a(_clzsi2.o)

.data%z28       0x0000000000000000        0x0
 .data          0x0000000000000000        0x0 /Applications/microchip/xc32/v2.20/bin/bin/../../lib/gcc/pic32c/6.2.1/libgcc.a(_clzsi2.o)

.bss%z29        0x0000000000000000        0x0
 .bss           0x0000000000000000        0x0 /Applications/microchip/xc32/v2.20/bin/bin/../../lib/gcc/pic32c/6.2.1/libgcc.a(_arm_cmpdf2.o)

.data%z30       0x0000000000000000        0x0
 .data          0x0000000000000000        0x0 /Applications/microchip/xc32/v2.20/bin/bin/../../lib/gcc/pic32c/6.2.1/libgcc.a(_arm_cmpdf2.o)

.bss%z31        0x0000000000000000        0x0
 .bss           0x0000000000000000        0x0 /Applications/microchip/xc32/v2.20/bin/bin/../../lib/gcc/pic32c/6.2.1/libgcc.a(_ashldi3.o)

.data%z32       0x0000000000000000        0x0
 .data          0x0000000000000000        0x0 /Applications/microchip/xc32/v2.20/bin/bin/../../lib/gcc/pic32c/6.2.1/libgcc.a(_ashldi3.o)

.bss%z33        0x0000000000000000        0x0
 .bss           0x0000000000000000        0x0 /Applications/microchip/xc32/v2.20/bin/bin/../../lib/gcc/pic32c/6.2.1/libgcc.a(_lshrdi3.o)

.data%z34       0x0000000000000000        0x0
 .data          0x0000000000000000        0x0 /Applications/microchip/xc32/v2.20/bin/bin/../../lib/gcc/pic32c/6.2.1/libgcc.a(_lshrdi3.o)

.bss%z35        0x0000000000000000        0x0
 .bss           0x0000000000000000        0x0 /Applications/microchip/xc32/v2.20/bin/bin/../../lib/gcc/pic32c/6.2.1/libgcc.a(_dvmd_tls.o)

.data%z36       0x0000000000000000        0x0
 .data          0x0000000000000000        0x0 /Applications/microchip/xc32/v2.20/bin/bin/../../lib/gcc/pic32c/6.2.1/libgcc.a(_dvmd_tls.o)

.bss%z37        0x0000000000000000        0x0
 .bss           0x0000000000000000        0x0 /Applications/microchip/xc32/v2.20/bin/bin/../../lib/gcc/pic32c/6.2.1/libgcc.a(_thumb1_case_uhi.o)

.data%z38       0x0000000000000000        0x0
 .data          0x0000000000000000        0x0 /Applications/microchip/xc32/v2.20/bin/bin/../../lib/gcc/pic32c/6.2.1/libgcc.a(_thumb1_case_uhi.o)

.bss%z39        0x0000000000000000        0x0
 .bss           0x0000000000000000        0x0 /Applications/microchip/xc32/v2.20/bin/bin/../../lib/gcc/pic32c/6.2.1/libgcc.a(floatsidf.o)

.data%z40       0x0000000000000000        0x0
 .data          0x0000000000000000        0x0 /Applications/microchip/xc32/v2.20/bin/bin/../../lib/gcc/pic32c/6.2.1/libgcc.a(floatsidf.o)

.bss%z41        0x0000000000000000        0x0
 .bss           0x0000000000000000        0x0 /Applications/microchip/xc32/v2.20/bin/bin/../../lib/gcc/pic32c/6.2.1/libgcc.a(fixdfsi.o)

.data%z42       0x0000000000000000        0x0
 .data          0x0000000000000000        0x0 /Applications/microchip/xc32/v2.20/bin/bin/../../lib/gcc/pic32c/6.2.1/libgcc.a(fixdfsi.o)

.bss%z43        0x0000000000000000        0x0
 .bss           0x0000000000000000        0x0 /Applications/microchip/xc32/v2.20/bin/bin/../../lib/gcc/pic32c/6.2.1/libgcc.a(subdf3.o)

.data%z44       0x0000000000000000        0x0
 .data          0x0000000000000000        0x0 /Applications/microchip/xc32/v2.20/bin/bin/../../lib/gcc/pic32c/6.2.1/libgcc.a(subdf3.o)

.bss%z45        0x0000000000000000        0x0
 .bss           0x0000000000000000        0x0 /Applications/microchip/xc32/v2.20/bin/bin/../../lib/gcc/pic32c/6.2.1/libgcc.a(muldf3.o)

.data%z46       0x0000000000000000        0x0
 .data          0x0000000000000000        0x0 /Applications/microchip/xc32/v2.20/bin/bin/../../lib/gcc/pic32c/6.2.1/libgcc.a(muldf3.o)

.bss%z47        0x0000000000000000        0x0
 .bss           0x0000000000000000        0x0 /Applications/microchip/xc32/v2.20/bin/bin/../../lib/gcc/pic32c/6.2.1/libgcc.a(_udivmoddi4.o)

.data%z48       0x0000000000000000        0x0
 .data          0x0000000000000000        0x0 /Applications/microchip/xc32/v2.20/bin/bin/../../lib/gcc/pic32c/6.2.1/libgcc.a(_udivmoddi4.o)

.bss%z49        0x0000000000000000        0x0
 .bss           0x0000000000000000        0x0 /Applications/microchip/xc32/v2.20/bin/bin/../../lib/gcc/pic32c/6.2.1/libgcc.a(_fixunsdfsi.o)

.data%z50       0x0000000000000000        0x0
 .data          0x0000000000000000        0x0 /Applications/microchip/xc32/v2.20/bin/bin/../../lib/gcc/pic32c/6.2.1/libgcc.a(_fixunsdfsi.o)

.bss%z51        0x0000000000000000        0x0
 .bss           0x0000000000000000        0x0 /Applications/microchip/xc32/v2.20/bin/bin/../../lib/gcc/pic32c/6.2.1/libgcc.a(_aeabi_uldivmod.o)

.data%z52       0x0000000000000000        0x0
 .data          0x0000000000000000        0x0 /Applications/microchip/xc32/v2.20/bin/bin/../../lib/gcc/pic32c/6.2.1/libgcc.a(_aeabi_uldivmod.o)

.bss%z53        0x0000000000000000        0x0
 .bss           0x0000000000000000        0x0 /Applications/microchip/xc32/v2.20/bin/bin/../../lib/gcc/pic32c/6.2.1/../../../../pic32c/lib/libpic32c.a(data_init.o)

.data%z54       0x0000000000000000        0x0
 .data          0x0000000000000000        0x0 /Applications/microchip/xc32/v2.20/bin/bin/../../lib/gcc/pic32c/6.2.1/../../../../pic32c/lib/libpic32c.a(data_init.o)

.bss%z55        0x0000000000000000        0x0
 .bss           0x0000000000000000        0x0 /var/folders/8p/6ngw28355rbdddp56jdp8yf40000gn/T//ccrcs4nK.o

.data%z56       0x0000000000000000        0x0
 .data          0x0000000000000000        0x0 /var/folders/8p/6ngw28355rbdddp56jdp8yf40000gn/T//ccrcs4nK.o

.bss%z57        0x0000000000000000        0x0
 .bss           0x0000000000000000        0x0 build/default/production/SERCOM0_UART.o

.data%z58       0x0000000000000000        0x0
 .data          0x0000000000000000        0x0 build/default/production/SERCOM0_UART.o

.bss%z59        0x0000000000000000        0x0
 .bss           0x0000000000000000        0x0 build/default/production/samd21ClockSet.o

.data%z60       0x0000000000000000        0x0
 .data          0x0000000000000000        0x0 build/default/production/samd21ClockSet.o

.bss%z61        0x0000000000000000        0x0
 .bss           0x0000000000000000        0x0 build/default/production/SAMD21_TRMNL.o

.data%z62       0x0000000000000000        0x0
 .data          0x0000000000000000        0x0 build/default/production/SAMD21_TRMNL.o

.data%z63       0x0000000000000000        0x0
 .data          0x0000000000000000        0x0 build/default/production/main.o

.bss%z64        0x0000000000000000        0x0
 .bss           0x0000000000000000        0x0 build/default/production/ADC.o

.data%z65       0x0000000000000000        0x0
 .data          0x0000000000000000        0x0 build/default/production/ADC.o

.eh_frame%z66   0x0000000000000000        0x0
 .eh_frame      0x0000000000000000        0x0 /Applications/microchip/xc32/v2.20/bin/bin/../../lib/gcc/pic32c/6.2.1/crtbegin.o

.bss%z67        0x0000000000000000        0x0
 .bss           0x0000000000000000        0x0 /Applications/microchip/xc32/v2.20/bin/bin/../../lib/gcc/pic32c/6.2.1/crti.o

.data%z68       0x0000000000000000        0x0
 .data          0x0000000000000000        0x0 /Applications/microchip/xc32/v2.20/bin/bin/../../lib/gcc/pic32c/6.2.1/crti.o

.text%5         0x00000000000000d8     0x13f6
 .text          0x00000000000000d8      0x5b0 /Applications/microchip/xc32/v2.20/bin/bin/../../lib/gcc/pic32c/6.2.1/libgcc.a(subdf3.o)
                0x00000000000000d8                __aeabi_dsub
 .text          0x0000000000000688      0x424 /Applications/microchip/xc32/v2.20/bin/bin/../../lib/gcc/pic32c/6.2.1/libgcc.a(muldf3.o)
                0x0000000000000688                __aeabi_dmul
 .text          0x0000000000000aac      0x2b8 build/default/production/SERCOM0_UART.o
                0x0000000000000aac                SERCOM0_UART_init
                0x0000000000000cb0                SERCOM0_UART_sendByte
                0x0000000000000ce4                SERCOM0_UART_sendBytes
                0x0000000000000d2c                SERCOM0_UART_hasData
                0x0000000000000d50                SERCOM0_UART_getData
 .text          0x0000000000000d64      0x250 build/default/production/SAMD21_TRMNL.o
                0x0000000000000d64                TRMNL_init
                0x0000000000000e90                TRMNL_sendChar
                0x0000000000000ec4                TRMNL_sendString
                0x0000000000000efe                TRMNL_sendWord
                0x0000000000000f36                TRMNL_sendNum
                0x0000000000000f6e                TRMNL_sendHex
 .text          0x0000000000000fb4      0x1cc build/default/production/ADC.o
                0x0000000000000fb4                ADC_init
                0x000000000000103c                ADC_read
                0x0000000000001080                ADC_addChannel
 .text          0x0000000000001180      0x13c build/default/production/samd21ClockSet.o
                0x0000000000001180                setFreq48MHz
 .text          0x00000000000012bc      0x130 build/default/production/main.o
                0x00000000000012bc                main
                0x00000000000012f8                getPosition
 .text          0x00000000000013ec       0xe2 /Applications/microchip/xc32/v2.20/bin/bin/../../lib/gcc/pic32c/6.2.1/libgcc.a(_udivmoddi4.o)
                0x00000000000013ec                __udivmoddi4

.text%13        0x00000000000014d0      0x150
 .text          0x00000000000014d0       0xb0 /Applications/microchip/xc32/v2.20/bin/bin/../../lib/gcc/pic32c/6.2.1/libgcc.a(ledf2.o)
                0x00000000000014d0                __ltdf2
                0x00000000000014d0                __ledf2
 .text          0x0000000000001580       0xa0 /Applications/microchip/xc32/v2.20/bin/bin/../../lib/gcc/pic32c/6.2.1/libgcc.a(gedf2.o)
                0x0000000000001580                __gtdf2
                0x0000000000001580                __gedf2

.text.__pic32c_data_initialization%15
                0x0000000000001620       0x90
 .text.__pic32c_data_initialization
                0x0000000000001620       0x90 /Applications/microchip/xc32/v2.20/bin/bin/../../lib/gcc/pic32c/6.2.1/../../../../pic32c/lib/libpic32c.a(data_init.o)
                0x0000000000001620                __pic32c_data_initialization

.text%16        0x00000000000016b0      0x17c
 .text          0x00000000000016b0       0x8c /Applications/microchip/xc32/v2.20/bin/bin/../../lib/gcc/pic32c/6.2.1/libgcc.a(_udivsi3.o)
                0x00000000000016b0                __udivsi3
                0x00000000000016b0                __aeabi_uidiv
                0x0000000000001728                __aeabi_uidivmod
 .text          0x000000000000173c       0x7c /Applications/microchip/xc32/v2.20/bin/bin/../../lib/gcc/pic32c/6.2.1/libgcc.a(_arm_cmpdf2.o)
                0x000000000000173c                __aeabi_cdrcmple
                0x000000000000174c                __aeabi_cdcmple
                0x000000000000174c                __aeabi_cdcmpeq
                0x000000000000175c                __aeabi_dcmpeq
                0x0000000000001768                __aeabi_dcmplt
                0x000000000000177c                __aeabi_dcmple
                0x0000000000001790                __aeabi_dcmpgt
                0x00000000000017a4                __aeabi_dcmpge
 .text          0x00000000000017b8       0x74 /Applications/microchip/xc32/v2.20/bin/bin/../../lib/gcc/pic32c/6.2.1/libgcc.a(floatsidf.o)
                0x00000000000017b8                __aeabi_i2d

.text.__utoa%19
                0x000000000000182c       0x74
 .text.__utoa   0x000000000000182c       0x74 /Applications/microchip/xc32/v2.20/bin/bin/../../lib/gcc/pic32c/6.2.1/../../../../pic32c/lib/libc.a(lib_a-utoa.o)
                0x000000000000182c                __utoa

.text%20        0x00000000000018a0       0xd8
 .text          0x00000000000018a0       0x70 /Applications/microchip/xc32/v2.20/bin/bin/../../lib/gcc/pic32c/6.2.1/libgcc.a(eqdf2.o)
                0x00000000000018a0                __eqdf2
                0x00000000000018a0                __nedf2
 .text          0x0000000000001910       0x68 /Applications/microchip/xc32/v2.20/bin/bin/../../lib/gcc/pic32c/6.2.1/libgcc.a(fixdfsi.o)
                0x0000000000001910                __aeabi_d2iz

.text.Reset_Handler%22
                0x0000000000001978       0x54
 .text.Reset_Handler
                0x0000000000001978       0x54 /var/folders/8p/6ngw28355rbdddp56jdp8yf40000gn/T//ccrcs4nK.o
                0x0000000000001978                Reset_Handler

.text%23        0x00000000000019cc       0x48
 .text          0x00000000000019cc       0x48 /Applications/microchip/xc32/v2.20/bin/bin/../../lib/gcc/pic32c/6.2.1/crtbegin.o

.text.__libc_init_array%24
                0x0000000000001a14       0x48
 .text.__libc_init_array
                0x0000000000001a14       0x48 /Applications/microchip/xc32/v2.20/bin/bin/../../lib/gcc/pic32c/6.2.1/../../../../pic32c/lib/libc.a(lib_a-init.o)
                0x0000000000001a14                __libc_init_array

.text%25        0x0000000000001a5c       0x40
 .text          0x0000000000001a5c       0x40 /Applications/microchip/xc32/v2.20/bin/bin/../../lib/gcc/pic32c/6.2.1/libgcc.a(_aeabi_uldivmod.o)
                0x0000000000001a5c                __aeabi_uldivmod

.dinit%26       0x0000000000001a9c       0x40
 .dinit         0x0000000000001a9c       0x40 data_init

.text%27        0x0000000000001adc       0x74
 .text          0x0000000000001adc       0x3c /Applications/microchip/xc32/v2.20/bin/bin/../../lib/gcc/pic32c/6.2.1/libgcc.a(_clzsi2.o)
                0x0000000000001adc                __clzsi2
 .text          0x0000000000001b18       0x38 /Applications/microchip/xc32/v2.20/bin/bin/../../lib/gcc/pic32c/6.2.1/libgcc.a(_fixunsdfsi.o)
                0x0000000000001b18                __fixunsdfsi
                0x0000000000001b18                __aeabi_d2uiz

.text.__itoa%29
                0x0000000000001b50       0x30
 .text.__itoa   0x0000000000001b50       0x30 /Applications/microchip/xc32/v2.20/bin/bin/../../lib/gcc/pic32c/6.2.1/../../../../pic32c/lib/libc.a(lib_a-itoa.o)
                0x0000000000001b50                __itoa

.rodata%30      0x0000000000001b80       0x25
 .rodata        0x0000000000001b80       0x25 /Applications/microchip/xc32/v2.20/bin/bin/../../lib/gcc/pic32c/6.2.1/../../../../pic32c/lib/libc.a(lib_a-utoa.o)

.text%31        0x0000000000001ba8       0x5c
 .text          0x0000000000001ba8       0x18 /Applications/microchip/xc32/v2.20/bin/bin/../../lib/gcc/pic32c/6.2.1/libgcc.a(_lshrdi3.o)
                0x0000000000001ba8                __aeabi_llsr
                0x0000000000001ba8                __lshrdi3
 .text          0x0000000000001bc0       0x18 /Applications/microchip/xc32/v2.20/bin/bin/../../lib/gcc/pic32c/6.2.1/libgcc.a(_ashldi3.o)
                0x0000000000001bc0                __ashldi3
                0x0000000000001bc0                __aeabi_llsl
 .text          0x0000000000001bd8       0x18 /Applications/microchip/xc32/v2.20/bin/bin/../../lib/gcc/pic32c/6.2.1/libgcc.a(_clzdi2.o)
                0x0000000000001bd8                __clzdi2
 .text          0x0000000000001bf0       0x14 /Applications/microchip/xc32/v2.20/bin/bin/../../lib/gcc/pic32c/6.2.1/libgcc.a(_thumb1_case_uhi.o)
                0x0000000000001bf0                __gnu_thumb1_case_uhi

.text.memcpy%35
                0x0000000000001c04       0x12
 .text.memcpy   0x0000000000001c04       0x12 /Applications/microchip/xc32/v2.20/bin/bin/../../lib/gcc/pic32c/6.2.1/../../../../pic32c/lib/libc.a(lib_a-memcpy-stub.o)
                0x0000000000001c04                memcpy

.text.memset%36
                0x0000000000001c16       0x10
 .text.memset   0x0000000000001c16       0x10 /Applications/microchip/xc32/v2.20/bin/bin/../../lib/gcc/pic32c/6.2.1/../../../../pic32c/lib/libc.a(lib_a-memset.o)
                0x0000000000001c16                memset

.text%37        0x0000000000001c26        0xe
 .text          0x0000000000001c26        0xe /Applications/microchip/xc32/v2.20/bin/bin/../../lib/gcc/pic32c/6.2.1/../../../../pic32c/lib/libc.a(lib_a-strlen.o)
                0x0000000000001c26                strlen

.rodata%38      0x0000000000001c34        0xc
 .rodata        0x0000000000001c34        0xc build/default/production/main.o

.text.itoa%39   0x0000000000001c40        0x8
 .text.itoa     0x0000000000001c40        0x8 /Applications/microchip/xc32/v2.20/bin/bin/../../lib/gcc/pic32c/6.2.1/../../../../pic32c/lib/libc.a(lib_a-itoa.o)
                0x0000000000001c40                itoa

.text.utoa%40   0x0000000000001c48        0x8
 .text.utoa     0x0000000000001c48        0x8 /Applications/microchip/xc32/v2.20/bin/bin/../../lib/gcc/pic32c/6.2.1/../../../../pic32c/lib/libc.a(lib_a-utoa.o)
                0x0000000000001c48                utoa

.rodata%41      0x0000000000001c50        0x4
 .rodata        0x0000000000001c50        0x4 build/default/production/SAMD21_TRMNL.o

.text%42        0x0000000000001c54        0x4
 .text          0x0000000000001c54        0x4 /Applications/microchip/xc32/v2.20/bin/bin/../../lib/gcc/pic32c/6.2.1/libgcc.a(_dvmd_tls.o)
                0x0000000000001c54                __aeabi_ldiv0
                0x0000000000001c54                __aeabi_idiv0

.text.Dummy_Handler%43
                0x00000000000014ce        0x2
 .text.Dummy_Handler
                0x00000000000014ce        0x2 /var/folders/8p/6ngw28355rbdddp56jdp8yf40000gn/T//ccrcs4nK.o
                0x00000000000014ce                SYSCTRL_Handler
                0x00000000000014ce                DMAC_Handler
                0x00000000000014ce                HardFault_Handler
                0x00000000000014ce                AC_Handler
                0x00000000000014ce                SysTick_Handler
                0x00000000000014ce                PendSV_Handler
                0x00000000000014ce                TC7_Handler
                0x00000000000014ce                SERCOM1_Handler
                0x00000000000014ce                ADC_Handler
                0x00000000000014ce                NonMaskableInt_Handler
                0x00000000000014ce                TCC1_Handler
                0x00000000000014ce                SERCOM2_Handler
                0x00000000000014ce                TCC0_Handler
                0x00000000000014ce                RTC_Handler
                0x00000000000014ce                EIC_Handler
                0x00000000000014ce                TC6_Handler
                0x00000000000014ce                WDT_Handler
                0x00000000000014ce                TC4_Handler
                0x00000000000014ce                USB_Handler
                0x00000000000014ce                TC3_Handler
                0x00000000000014ce                Dummy_Handler
                0x00000000000014ce                PM_Handler
                0x00000000000014ce                SERCOM5_Handler
                0x00000000000014ce                TCC2_Handler
                0x00000000000014ce                EVSYS_Handler
                0x00000000000014ce                SERCOM3_Handler
                0x00000000000014ce                SERCOM4_Handler
                0x00000000000014ce                I2S_Handler
                0x00000000000014ce                NVMCTRL_Handler
                0x00000000000014ce                SERCOM0_Handler
                0x00000000000014ce                DAC_Handler
                0x00000000000014ce                PTC_Handler
                0x00000000000014ce                TC5_Handler
                0x00000000000014ce                SVCall_Handler

.text%z69       0x0000000000000000        0x0
 .text          0x0000000000000000        0x0 /Applications/microchip/xc32/v2.20/bin/bin/../../lib/gcc/pic32c/6.2.1/crtn.o

.text%z70       0x0000000000000000        0x0
 .text          0x0000000000000000        0x0 /Applications/microchip/xc32/v2.20/bin/bin/../../lib/gcc/pic32c/6.2.1/crtend.o

.text%z71       0x0000000000000000        0x0
 .text          0x0000000000000000        0x0 /Applications/microchip/xc32/v2.20/bin/bin/../../lib/gcc/pic32c/6.2.1/../../../../pic32c/lib/libc.a(lib_a-memcpy-stub.o)

.text%z72       0x0000000000000000        0x0
 .text          0x0000000000000000        0x0 /Applications/microchip/xc32/v2.20/bin/bin/../../lib/gcc/pic32c/6.2.1/../../../../pic32c/lib/libc.a(lib_a-utoa.o)

.text%z73       0x0000000000000000        0x0
 .text          0x0000000000000000        0x0 /Applications/microchip/xc32/v2.20/bin/bin/../../lib/gcc/pic32c/6.2.1/../../../../pic32c/lib/libc.a(lib_a-memset.o)

.text%z74       0x0000000000000000        0x0
 .text          0x0000000000000000        0x0 /Applications/microchip/xc32/v2.20/bin/bin/../../lib/gcc/pic32c/6.2.1/../../../../pic32c/lib/libc.a(lib_a-itoa.o)

.text%z75       0x0000000000000000        0x0
 .text          0x0000000000000000        0x0 /Applications/microchip/xc32/v2.20/bin/bin/../../lib/gcc/pic32c/6.2.1/../../../../pic32c/lib/libc.a(lib_a-init.o)

.text%z76       0x0000000000000000        0x0
 .text          0x0000000000000000        0x0 /Applications/microchip/xc32/v2.20/bin/bin/../../lib/gcc/pic32c/6.2.1/../../../../pic32c/lib/libpic32c.a(data_init.o)

.text%z77       0x0000000000000000        0x0
 .text          0x0000000000000000        0x0 /var/folders/8p/6ngw28355rbdddp56jdp8yf40000gn/T//ccrcs4nK.o

.text%z78       0x0000000000000000        0x0
 .text          0x0000000000000000        0x0 /Applications/microchip/xc32/v2.20/bin/bin/../../lib/gcc/pic32c/6.2.1/crti.o
